Archive member included to satisfy reference by file (symbol)

C:/IDE/ST/STM32CubeCLT_1.16.0/GNU-tools-for-STM32/bin/../lib/gcc/arm-none-eabi/12.3.1/../../../../arm-none-eabi/lib/thumb/v7e-m+dp/hard\libc_nano.a(libc_a-exit.o)
                              C:/IDE/ST/STM32CubeCLT_1.16.0/GNU-tools-for-STM32/bin/../lib/gcc/arm-none-eabi/12.3.1/../../../../arm-none-eabi/lib/thumb/v7e-m+dp/hard/crt0.o (exit)
C:/IDE/ST/STM32CubeCLT_1.16.0/GNU-tools-for-STM32/bin/../lib/gcc/arm-none-eabi/12.3.1/../../../../arm-none-eabi/lib/thumb/v7e-m+dp/hard\libc_nano.a(libc_a-findfp.o)
                              C:/IDE/ST/STM32CubeCLT_1.16.0/GNU-tools-for-STM32/bin/../lib/gcc/arm-none-eabi/12.3.1/../../../../arm-none-eabi/lib/thumb/v7e-m+dp/hard\libc_nano.a(libc_a-exit.o) (__stdio_exit_handler)
C:/IDE/ST/STM32CubeCLT_1.16.0/GNU-tools-for-STM32/bin/../lib/gcc/arm-none-eabi/12.3.1/../../../../arm-none-eabi/lib/thumb/v7e-m+dp/hard\libc_nano.a(libc_a-fwalk.o)
                              C:/IDE/ST/STM32CubeCLT_1.16.0/GNU-tools-for-STM32/bin/../lib/gcc/arm-none-eabi/12.3.1/../../../../arm-none-eabi/lib/thumb/v7e-m+dp/hard\libc_nano.a(libc_a-findfp.o) (_fwalk_sglue)
C:/IDE/ST/STM32CubeCLT_1.16.0/GNU-tools-for-STM32/bin/../lib/gcc/arm-none-eabi/12.3.1/../../../../arm-none-eabi/lib/thumb/v7e-m+dp/hard\libc_nano.a(libc_a-stdio.o)
                              C:/IDE/ST/STM32CubeCLT_1.16.0/GNU-tools-for-STM32/bin/../lib/gcc/arm-none-eabi/12.3.1/../../../../arm-none-eabi/lib/thumb/v7e-m+dp/hard\libc_nano.a(libc_a-findfp.o) (__sread)
C:/IDE/ST/STM32CubeCLT_1.16.0/GNU-tools-for-STM32/bin/../lib/gcc/arm-none-eabi/12.3.1/../../../../arm-none-eabi/lib/thumb/v7e-m+dp/hard\libc_nano.a(libc_a-memset.o)
                              C:/IDE/ST/STM32CubeCLT_1.16.0/GNU-tools-for-STM32/bin/../lib/gcc/arm-none-eabi/12.3.1/../../../../arm-none-eabi/lib/thumb/v7e-m+dp/hard/crt0.o (memset)
C:/IDE/ST/STM32CubeCLT_1.16.0/GNU-tools-for-STM32/bin/../lib/gcc/arm-none-eabi/12.3.1/../../../../arm-none-eabi/lib/thumb/v7e-m+dp/hard\libc_nano.a(libc_a-closer.o)
                              C:/IDE/ST/STM32CubeCLT_1.16.0/GNU-tools-for-STM32/bin/../lib/gcc/arm-none-eabi/12.3.1/../../../../arm-none-eabi/lib/thumb/v7e-m+dp/hard\libc_nano.a(libc_a-stdio.o) (_close_r)
C:/IDE/ST/STM32CubeCLT_1.16.0/GNU-tools-for-STM32/bin/../lib/gcc/arm-none-eabi/12.3.1/../../../../arm-none-eabi/lib/thumb/v7e-m+dp/hard\libc_nano.a(libc_a-reent.o)
                              C:/IDE/ST/STM32CubeCLT_1.16.0/GNU-tools-for-STM32/bin/../lib/gcc/arm-none-eabi/12.3.1/../../../../arm-none-eabi/lib/thumb/v7e-m+dp/hard\libc_nano.a(libc_a-closer.o) (errno)
C:/IDE/ST/STM32CubeCLT_1.16.0/GNU-tools-for-STM32/bin/../lib/gcc/arm-none-eabi/12.3.1/../../../../arm-none-eabi/lib/thumb/v7e-m+dp/hard\libc_nano.a(libc_a-impure.o)
                              C:/IDE/ST/STM32CubeCLT_1.16.0/GNU-tools-for-STM32/bin/../lib/gcc/arm-none-eabi/12.3.1/../../../../arm-none-eabi/lib/thumb/v7e-m+dp/hard\libc_nano.a(libc_a-reent.o) (_impure_ptr)
C:/IDE/ST/STM32CubeCLT_1.16.0/GNU-tools-for-STM32/bin/../lib/gcc/arm-none-eabi/12.3.1/../../../../arm-none-eabi/lib/thumb/v7e-m+dp/hard\libc_nano.a(libc_a-lseekr.o)
                              C:/IDE/ST/STM32CubeCLT_1.16.0/GNU-tools-for-STM32/bin/../lib/gcc/arm-none-eabi/12.3.1/../../../../arm-none-eabi/lib/thumb/v7e-m+dp/hard\libc_nano.a(libc_a-stdio.o) (_lseek_r)
C:/IDE/ST/STM32CubeCLT_1.16.0/GNU-tools-for-STM32/bin/../lib/gcc/arm-none-eabi/12.3.1/../../../../arm-none-eabi/lib/thumb/v7e-m+dp/hard\libc_nano.a(libc_a-readr.o)
                              C:/IDE/ST/STM32CubeCLT_1.16.0/GNU-tools-for-STM32/bin/../lib/gcc/arm-none-eabi/12.3.1/../../../../arm-none-eabi/lib/thumb/v7e-m+dp/hard\libc_nano.a(libc_a-stdio.o) (_read_r)
C:/IDE/ST/STM32CubeCLT_1.16.0/GNU-tools-for-STM32/bin/../lib/gcc/arm-none-eabi/12.3.1/../../../../arm-none-eabi/lib/thumb/v7e-m+dp/hard\libc_nano.a(libc_a-writer.o)
                              C:/IDE/ST/STM32CubeCLT_1.16.0/GNU-tools-for-STM32/bin/../lib/gcc/arm-none-eabi/12.3.1/../../../../arm-none-eabi/lib/thumb/v7e-m+dp/hard\libc_nano.a(libc_a-stdio.o) (_write_r)
C:/IDE/ST/STM32CubeCLT_1.16.0/GNU-tools-for-STM32/bin/../lib/gcc/arm-none-eabi/12.3.1/../../../../arm-none-eabi/lib/thumb/v7e-m+dp/hard\libc_nano.a(libc_a-init.o)
                              C:/IDE/ST/STM32CubeCLT_1.16.0/GNU-tools-for-STM32/bin/../lib/gcc/arm-none-eabi/12.3.1/../../../../arm-none-eabi/lib/thumb/v7e-m+dp/hard/crt0.o (__libc_init_array)
C:/IDE/ST/STM32CubeCLT_1.16.0/GNU-tools-for-STM32/bin/../lib/gcc/arm-none-eabi/12.3.1/../../../../arm-none-eabi/lib/thumb/v7e-m+dp/hard\libc_nano.a(libc_a-lock.o)
                              C:/IDE/ST/STM32CubeCLT_1.16.0/GNU-tools-for-STM32/bin/../lib/gcc/arm-none-eabi/12.3.1/../../../../arm-none-eabi/lib/thumb/v7e-m+dp/hard\libc_nano.a(libc_a-findfp.o) (__retarget_lock_init_recursive)
C:/IDE/ST/STM32CubeCLT_1.16.0/GNU-tools-for-STM32/bin/../lib/gcc/arm-none-eabi/12.3.1/../../../../arm-none-eabi/lib/thumb/v7e-m+dp/hard\libc_nano.a(libc_a-freer.o)
                              C:/IDE/ST/STM32CubeCLT_1.16.0/GNU-tools-for-STM32/bin/../lib/gcc/arm-none-eabi/12.3.1/../../../../arm-none-eabi/lib/thumb/v7e-m+dp/hard\libc_nano.a(libc_a-reent.o) (_free_r)
C:/IDE/ST/STM32CubeCLT_1.16.0/GNU-tools-for-STM32/bin/../lib/gcc/arm-none-eabi/12.3.1/../../../../arm-none-eabi/lib/thumb/v7e-m+dp/hard\libc_nano.a(libc_a-mallocr.o)
                              C:/IDE/ST/STM32CubeCLT_1.16.0/GNU-tools-for-STM32/bin/../lib/gcc/arm-none-eabi/12.3.1/../../../../arm-none-eabi/lib/thumb/v7e-m+dp/hard\libc_nano.a(libc_a-findfp.o) (_malloc_r)
C:/IDE/ST/STM32CubeCLT_1.16.0/GNU-tools-for-STM32/bin/../lib/gcc/arm-none-eabi/12.3.1/../../../../arm-none-eabi/lib/thumb/v7e-m+dp/hard\libc_nano.a(libc_a-mlock.o)
                              C:/IDE/ST/STM32CubeCLT_1.16.0/GNU-tools-for-STM32/bin/../lib/gcc/arm-none-eabi/12.3.1/../../../../arm-none-eabi/lib/thumb/v7e-m+dp/hard\libc_nano.a(libc_a-freer.o) (__malloc_lock)
C:/IDE/ST/STM32CubeCLT_1.16.0/GNU-tools-for-STM32/bin/../lib/gcc/arm-none-eabi/12.3.1/../../../../arm-none-eabi/lib/thumb/v7e-m+dp/hard\libc_nano.a(libc_a-fflush.o)
                              C:/IDE/ST/STM32CubeCLT_1.16.0/GNU-tools-for-STM32/bin/../lib/gcc/arm-none-eabi/12.3.1/../../../../arm-none-eabi/lib/thumb/v7e-m+dp/hard\libc_nano.a(libc_a-findfp.o) (_fflush_r)
C:/IDE/ST/STM32CubeCLT_1.16.0/GNU-tools-for-STM32/bin/../lib/gcc/arm-none-eabi/12.3.1/../../../../arm-none-eabi/lib/thumb/v7e-m+dp/hard\libc_nano.a(libc_a-sbrkr.o)
                              C:/IDE/ST/STM32CubeCLT_1.16.0/GNU-tools-for-STM32/bin/../lib/gcc/arm-none-eabi/12.3.1/../../../../arm-none-eabi/lib/thumb/v7e-m+dp/hard\libc_nano.a(libc_a-mallocr.o) (_sbrk_r)
C:/IDE/ST/STM32CubeCLT_1.16.0/GNU-tools-for-STM32/bin/../lib/gcc/arm-none-eabi/12.3.1/../../../../arm-none-eabi/lib/thumb/v7e-m+dp/hard\libg_nano.a(libc_a-errno.o)
                              CMakeFiles/h743-valve-controller.dir/Core/Src/sysmem.c.obj (__errno)

Discarded input sections

 .text          0x00000000        0x0 C:/IDE/ST/STM32CubeCLT_1.16.0/GNU-tools-for-STM32/bin/../lib/gcc/arm-none-eabi/12.3.1/thumb/v7e-m+dp/hard/crti.o
 .data          0x00000000        0x0 C:/IDE/ST/STM32CubeCLT_1.16.0/GNU-tools-for-STM32/bin/../lib/gcc/arm-none-eabi/12.3.1/thumb/v7e-m+dp/hard/crti.o
 .bss           0x00000000        0x0 C:/IDE/ST/STM32CubeCLT_1.16.0/GNU-tools-for-STM32/bin/../lib/gcc/arm-none-eabi/12.3.1/thumb/v7e-m+dp/hard/crti.o
 .data          0x00000000        0x4 C:/IDE/ST/STM32CubeCLT_1.16.0/GNU-tools-for-STM32/bin/../lib/gcc/arm-none-eabi/12.3.1/thumb/v7e-m+dp/hard/crtbegin.o
 .rodata        0x00000000       0x24 C:/IDE/ST/STM32CubeCLT_1.16.0/GNU-tools-for-STM32/bin/../lib/gcc/arm-none-eabi/12.3.1/thumb/v7e-m+dp/hard/crtbegin.o
 .text          0x00000000       0x7c C:/IDE/ST/STM32CubeCLT_1.16.0/GNU-tools-for-STM32/bin/../lib/gcc/arm-none-eabi/12.3.1/../../../../arm-none-eabi/lib/thumb/v7e-m+dp/hard/crt0.o
 .data          0x00000000        0x0 C:/IDE/ST/STM32CubeCLT_1.16.0/GNU-tools-for-STM32/bin/../lib/gcc/arm-none-eabi/12.3.1/../../../../arm-none-eabi/lib/thumb/v7e-m+dp/hard/crt0.o
 .bss           0x00000000        0x0 C:/IDE/ST/STM32CubeCLT_1.16.0/GNU-tools-for-STM32/bin/../lib/gcc/arm-none-eabi/12.3.1/../../../../arm-none-eabi/lib/thumb/v7e-m+dp/hard/crt0.o
 .ARM.extab     0x00000000        0x0 C:/IDE/ST/STM32CubeCLT_1.16.0/GNU-tools-for-STM32/bin/../lib/gcc/arm-none-eabi/12.3.1/../../../../arm-none-eabi/lib/thumb/v7e-m+dp/hard/crt0.o
 .ARM.exidx     0x00000000       0x10 C:/IDE/ST/STM32CubeCLT_1.16.0/GNU-tools-for-STM32/bin/../lib/gcc/arm-none-eabi/12.3.1/../../../../arm-none-eabi/lib/thumb/v7e-m+dp/hard/crt0.o
 .ARM.attributes
                0x00000000       0x1e C:/IDE/ST/STM32CubeCLT_1.16.0/GNU-tools-for-STM32/bin/../lib/gcc/arm-none-eabi/12.3.1/../../../../arm-none-eabi/lib/thumb/v7e-m+dp/hard/crt0.o
 .text          0x00000000        0x0 C:/IDE/ST/STM32CubeCLT_1.16.0/GNU-tools-for-STM32/bin/../lib/gcc/arm-none-eabi/12.3.1/../../../../arm-none-eabi/lib/thumb/v7e-m+dp/hard\libc_nano.a(libc_a-exit.o)
 .data          0x00000000        0x0 C:/IDE/ST/STM32CubeCLT_1.16.0/GNU-tools-for-STM32/bin/../lib/gcc/arm-none-eabi/12.3.1/../../../../arm-none-eabi/lib/thumb/v7e-m+dp/hard\libc_nano.a(libc_a-exit.o)
 .bss           0x00000000        0x0 C:/IDE/ST/STM32CubeCLT_1.16.0/GNU-tools-for-STM32/bin/../lib/gcc/arm-none-eabi/12.3.1/../../../../arm-none-eabi/lib/thumb/v7e-m+dp/hard\libc_nano.a(libc_a-exit.o)
 .text.exit     0x00000000       0x24 C:/IDE/ST/STM32CubeCLT_1.16.0/GNU-tools-for-STM32/bin/../lib/gcc/arm-none-eabi/12.3.1/../../../../arm-none-eabi/lib/thumb/v7e-m+dp/hard\libc_nano.a(libc_a-exit.o)
 .debug_frame   0x00000000       0x28 C:/IDE/ST/STM32CubeCLT_1.16.0/GNU-tools-for-STM32/bin/../lib/gcc/arm-none-eabi/12.3.1/../../../../arm-none-eabi/lib/thumb/v7e-m+dp/hard\libc_nano.a(libc_a-exit.o)
 .ARM.attributes
                0x00000000       0x32 C:/IDE/ST/STM32CubeCLT_1.16.0/GNU-tools-for-STM32/bin/../lib/gcc/arm-none-eabi/12.3.1/../../../../arm-none-eabi/lib/thumb/v7e-m+dp/hard\libc_nano.a(libc_a-exit.o)
 .text          0x00000000        0x0 C:/IDE/ST/STM32CubeCLT_1.16.0/GNU-tools-for-STM32/bin/../lib/gcc/arm-none-eabi/12.3.1/../../../../arm-none-eabi/lib/thumb/v7e-m+dp/hard\libc_nano.a(libc_a-findfp.o)
 .data          0x00000000        0x0 C:/IDE/ST/STM32CubeCLT_1.16.0/GNU-tools-for-STM32/bin/../lib/gcc/arm-none-eabi/12.3.1/../../../../arm-none-eabi/lib/thumb/v7e-m+dp/hard\libc_nano.a(libc_a-findfp.o)
 .bss           0x00000000        0x0 C:/IDE/ST/STM32CubeCLT_1.16.0/GNU-tools-for-STM32/bin/../lib/gcc/arm-none-eabi/12.3.1/../../../../arm-none-eabi/lib/thumb/v7e-m+dp/hard\libc_nano.a(libc_a-findfp.o)
 .text.std      0x00000000       0x6c C:/IDE/ST/STM32CubeCLT_1.16.0/GNU-tools-for-STM32/bin/../lib/gcc/arm-none-eabi/12.3.1/../../../../arm-none-eabi/lib/thumb/v7e-m+dp/hard\libc_nano.a(libc_a-findfp.o)
 .text.stdio_exit_handler
                0x00000000       0x18 C:/IDE/ST/STM32CubeCLT_1.16.0/GNU-tools-for-STM32/bin/../lib/gcc/arm-none-eabi/12.3.1/../../../../arm-none-eabi/lib/thumb/v7e-m+dp/hard\libc_nano.a(libc_a-findfp.o)
 .text.cleanup_stdio
                0x00000000       0x40 C:/IDE/ST/STM32CubeCLT_1.16.0/GNU-tools-for-STM32/bin/../lib/gcc/arm-none-eabi/12.3.1/../../../../arm-none-eabi/lib/thumb/v7e-m+dp/hard\libc_nano.a(libc_a-findfp.o)
 .text.__fp_lock
                0x00000000       0x18 C:/IDE/ST/STM32CubeCLT_1.16.0/GNU-tools-for-STM32/bin/../lib/gcc/arm-none-eabi/12.3.1/../../../../arm-none-eabi/lib/thumb/v7e-m+dp/hard\libc_nano.a(libc_a-findfp.o)
 .text.__fp_unlock
                0x00000000       0x18 C:/IDE/ST/STM32CubeCLT_1.16.0/GNU-tools-for-STM32/bin/../lib/gcc/arm-none-eabi/12.3.1/../../../../arm-none-eabi/lib/thumb/v7e-m+dp/hard\libc_nano.a(libc_a-findfp.o)
 .text.global_stdio_init.part.0
                0x00000000       0x3c C:/IDE/ST/STM32CubeCLT_1.16.0/GNU-tools-for-STM32/bin/../lib/gcc/arm-none-eabi/12.3.1/../../../../arm-none-eabi/lib/thumb/v7e-m+dp/hard\libc_nano.a(libc_a-findfp.o)
 .text.__sfp_lock_acquire
                0x00000000        0xc C:/IDE/ST/STM32CubeCLT_1.16.0/GNU-tools-for-STM32/bin/../lib/gcc/arm-none-eabi/12.3.1/../../../../arm-none-eabi/lib/thumb/v7e-m+dp/hard\libc_nano.a(libc_a-findfp.o)
 .text.__sfp_lock_release
                0x00000000        0xc C:/IDE/ST/STM32CubeCLT_1.16.0/GNU-tools-for-STM32/bin/../lib/gcc/arm-none-eabi/12.3.1/../../../../arm-none-eabi/lib/thumb/v7e-m+dp/hard\libc_nano.a(libc_a-findfp.o)
 .text.__sfp    0x00000000       0xa4 C:/IDE/ST/STM32CubeCLT_1.16.0/GNU-tools-for-STM32/bin/../lib/gcc/arm-none-eabi/12.3.1/../../../../arm-none-eabi/lib/thumb/v7e-m+dp/hard\libc_nano.a(libc_a-findfp.o)
 .text.__sinit  0x00000000       0x30 C:/IDE/ST/STM32CubeCLT_1.16.0/GNU-tools-for-STM32/bin/../lib/gcc/arm-none-eabi/12.3.1/../../../../arm-none-eabi/lib/thumb/v7e-m+dp/hard\libc_nano.a(libc_a-findfp.o)
 .text.__fp_lock_all
                0x00000000       0x1c C:/IDE/ST/STM32CubeCLT_1.16.0/GNU-tools-for-STM32/bin/../lib/gcc/arm-none-eabi/12.3.1/../../../../arm-none-eabi/lib/thumb/v7e-m+dp/hard\libc_nano.a(libc_a-findfp.o)
 .text.__fp_unlock_all
                0x00000000       0x1c C:/IDE/ST/STM32CubeCLT_1.16.0/GNU-tools-for-STM32/bin/../lib/gcc/arm-none-eabi/12.3.1/../../../../arm-none-eabi/lib/thumb/v7e-m+dp/hard\libc_nano.a(libc_a-findfp.o)
 .data.__sglue  0x00000000        0xc C:/IDE/ST/STM32CubeCLT_1.16.0/GNU-tools-for-STM32/bin/../lib/gcc/arm-none-eabi/12.3.1/../../../../arm-none-eabi/lib/thumb/v7e-m+dp/hard\libc_nano.a(libc_a-findfp.o)
 .bss.__sf      0x00000000      0x138 C:/IDE/ST/STM32CubeCLT_1.16.0/GNU-tools-for-STM32/bin/../lib/gcc/arm-none-eabi/12.3.1/../../../../arm-none-eabi/lib/thumb/v7e-m+dp/hard\libc_nano.a(libc_a-findfp.o)
 .bss.__stdio_exit_handler
                0x00000000        0x4 C:/IDE/ST/STM32CubeCLT_1.16.0/GNU-tools-for-STM32/bin/../lib/gcc/arm-none-eabi/12.3.1/../../../../arm-none-eabi/lib/thumb/v7e-m+dp/hard\libc_nano.a(libc_a-findfp.o)
 .debug_frame   0x00000000      0x144 C:/IDE/ST/STM32CubeCLT_1.16.0/GNU-tools-for-STM32/bin/../lib/gcc/arm-none-eabi/12.3.1/../../../../arm-none-eabi/lib/thumb/v7e-m+dp/hard\libc_nano.a(libc_a-findfp.o)
 .ARM.attributes
                0x00000000       0x32 C:/IDE/ST/STM32CubeCLT_1.16.0/GNU-tools-for-STM32/bin/../lib/gcc/arm-none-eabi/12.3.1/../../../../arm-none-eabi/lib/thumb/v7e-m+dp/hard\libc_nano.a(libc_a-findfp.o)
 .text          0x00000000        0x0 C:/IDE/ST/STM32CubeCLT_1.16.0/GNU-tools-for-STM32/bin/../lib/gcc/arm-none-eabi/12.3.1/../../../../arm-none-eabi/lib/thumb/v7e-m+dp/hard\libc_nano.a(libc_a-fwalk.o)
 .data          0x00000000        0x0 C:/IDE/ST/STM32CubeCLT_1.16.0/GNU-tools-for-STM32/bin/../lib/gcc/arm-none-eabi/12.3.1/../../../../arm-none-eabi/lib/thumb/v7e-m+dp/hard\libc_nano.a(libc_a-fwalk.o)
 .bss           0x00000000        0x0 C:/IDE/ST/STM32CubeCLT_1.16.0/GNU-tools-for-STM32/bin/../lib/gcc/arm-none-eabi/12.3.1/../../../../arm-none-eabi/lib/thumb/v7e-m+dp/hard\libc_nano.a(libc_a-fwalk.o)
 .text._fwalk_sglue
                0x00000000       0x3c C:/IDE/ST/STM32CubeCLT_1.16.0/GNU-tools-for-STM32/bin/../lib/gcc/arm-none-eabi/12.3.1/../../../../arm-none-eabi/lib/thumb/v7e-m+dp/hard\libc_nano.a(libc_a-fwalk.o)
 .debug_frame   0x00000000       0x34 C:/IDE/ST/STM32CubeCLT_1.16.0/GNU-tools-for-STM32/bin/../lib/gcc/arm-none-eabi/12.3.1/../../../../arm-none-eabi/lib/thumb/v7e-m+dp/hard\libc_nano.a(libc_a-fwalk.o)
 .ARM.attributes
                0x00000000       0x32 C:/IDE/ST/STM32CubeCLT_1.16.0/GNU-tools-for-STM32/bin/../lib/gcc/arm-none-eabi/12.3.1/../../../../arm-none-eabi/lib/thumb/v7e-m+dp/hard\libc_nano.a(libc_a-fwalk.o)
 .text          0x00000000        0x0 C:/IDE/ST/STM32CubeCLT_1.16.0/GNU-tools-for-STM32/bin/../lib/gcc/arm-none-eabi/12.3.1/../../../../arm-none-eabi/lib/thumb/v7e-m+dp/hard\libc_nano.a(libc_a-stdio.o)
 .data          0x00000000        0x0 C:/IDE/ST/STM32CubeCLT_1.16.0/GNU-tools-for-STM32/bin/../lib/gcc/arm-none-eabi/12.3.1/../../../../arm-none-eabi/lib/thumb/v7e-m+dp/hard\libc_nano.a(libc_a-stdio.o)
 .bss           0x00000000        0x0 C:/IDE/ST/STM32CubeCLT_1.16.0/GNU-tools-for-STM32/bin/../lib/gcc/arm-none-eabi/12.3.1/../../../../arm-none-eabi/lib/thumb/v7e-m+dp/hard\libc_nano.a(libc_a-stdio.o)
 .text.__sread  0x00000000       0x22 C:/IDE/ST/STM32CubeCLT_1.16.0/GNU-tools-for-STM32/bin/../lib/gcc/arm-none-eabi/12.3.1/../../../../arm-none-eabi/lib/thumb/v7e-m+dp/hard\libc_nano.a(libc_a-stdio.o)
 .text.__seofread
                0x00000000        0x4 C:/IDE/ST/STM32CubeCLT_1.16.0/GNU-tools-for-STM32/bin/../lib/gcc/arm-none-eabi/12.3.1/../../../../arm-none-eabi/lib/thumb/v7e-m+dp/hard\libc_nano.a(libc_a-stdio.o)
 .text.__swrite
                0x00000000       0x38 C:/IDE/ST/STM32CubeCLT_1.16.0/GNU-tools-for-STM32/bin/../lib/gcc/arm-none-eabi/12.3.1/../../../../arm-none-eabi/lib/thumb/v7e-m+dp/hard\libc_nano.a(libc_a-stdio.o)
 .text.__sseek  0x00000000       0x24 C:/IDE/ST/STM32CubeCLT_1.16.0/GNU-tools-for-STM32/bin/../lib/gcc/arm-none-eabi/12.3.1/../../../../arm-none-eabi/lib/thumb/v7e-m+dp/hard\libc_nano.a(libc_a-stdio.o)
 .text.__sclose
                0x00000000        0x8 C:/IDE/ST/STM32CubeCLT_1.16.0/GNU-tools-for-STM32/bin/../lib/gcc/arm-none-eabi/12.3.1/../../../../arm-none-eabi/lib/thumb/v7e-m+dp/hard\libc_nano.a(libc_a-stdio.o)
 .debug_frame   0x00000000       0x88 C:/IDE/ST/STM32CubeCLT_1.16.0/GNU-tools-for-STM32/bin/../lib/gcc/arm-none-eabi/12.3.1/../../../../arm-none-eabi/lib/thumb/v7e-m+dp/hard\libc_nano.a(libc_a-stdio.o)
 .ARM.attributes
                0x00000000       0x32 C:/IDE/ST/STM32CubeCLT_1.16.0/GNU-tools-for-STM32/bin/../lib/gcc/arm-none-eabi/12.3.1/../../../../arm-none-eabi/lib/thumb/v7e-m+dp/hard\libc_nano.a(libc_a-stdio.o)
 .text          0x00000000        0x0 C:/IDE/ST/STM32CubeCLT_1.16.0/GNU-tools-for-STM32/bin/../lib/gcc/arm-none-eabi/12.3.1/../../../../arm-none-eabi/lib/thumb/v7e-m+dp/hard\libc_nano.a(libc_a-memset.o)
 .data          0x00000000        0x0 C:/IDE/ST/STM32CubeCLT_1.16.0/GNU-tools-for-STM32/bin/../lib/gcc/arm-none-eabi/12.3.1/../../../../arm-none-eabi/lib/thumb/v7e-m+dp/hard\libc_nano.a(libc_a-memset.o)
 .bss           0x00000000        0x0 C:/IDE/ST/STM32CubeCLT_1.16.0/GNU-tools-for-STM32/bin/../lib/gcc/arm-none-eabi/12.3.1/../../../../arm-none-eabi/lib/thumb/v7e-m+dp/hard\libc_nano.a(libc_a-memset.o)
 .text          0x00000000        0x0 C:/IDE/ST/STM32CubeCLT_1.16.0/GNU-tools-for-STM32/bin/../lib/gcc/arm-none-eabi/12.3.1/../../../../arm-none-eabi/lib/thumb/v7e-m+dp/hard\libc_nano.a(libc_a-closer.o)
 .data          0x00000000        0x0 C:/IDE/ST/STM32CubeCLT_1.16.0/GNU-tools-for-STM32/bin/../lib/gcc/arm-none-eabi/12.3.1/../../../../arm-none-eabi/lib/thumb/v7e-m+dp/hard\libc_nano.a(libc_a-closer.o)
 .bss           0x00000000        0x0 C:/IDE/ST/STM32CubeCLT_1.16.0/GNU-tools-for-STM32/bin/../lib/gcc/arm-none-eabi/12.3.1/../../../../arm-none-eabi/lib/thumb/v7e-m+dp/hard\libc_nano.a(libc_a-closer.o)
 .text._close_r
                0x00000000       0x20 C:/IDE/ST/STM32CubeCLT_1.16.0/GNU-tools-for-STM32/bin/../lib/gcc/arm-none-eabi/12.3.1/../../../../arm-none-eabi/lib/thumb/v7e-m+dp/hard\libc_nano.a(libc_a-closer.o)
 .debug_frame   0x00000000       0x2c C:/IDE/ST/STM32CubeCLT_1.16.0/GNU-tools-for-STM32/bin/../lib/gcc/arm-none-eabi/12.3.1/../../../../arm-none-eabi/lib/thumb/v7e-m+dp/hard\libc_nano.a(libc_a-closer.o)
 .ARM.attributes
                0x00000000       0x32 C:/IDE/ST/STM32CubeCLT_1.16.0/GNU-tools-for-STM32/bin/../lib/gcc/arm-none-eabi/12.3.1/../../../../arm-none-eabi/lib/thumb/v7e-m+dp/hard\libc_nano.a(libc_a-closer.o)
 .text          0x00000000        0x0 C:/IDE/ST/STM32CubeCLT_1.16.0/GNU-tools-for-STM32/bin/../lib/gcc/arm-none-eabi/12.3.1/../../../../arm-none-eabi/lib/thumb/v7e-m+dp/hard\libc_nano.a(libc_a-reent.o)
 .data          0x00000000        0x0 C:/IDE/ST/STM32CubeCLT_1.16.0/GNU-tools-for-STM32/bin/../lib/gcc/arm-none-eabi/12.3.1/../../../../arm-none-eabi/lib/thumb/v7e-m+dp/hard\libc_nano.a(libc_a-reent.o)
 .bss           0x00000000        0x0 C:/IDE/ST/STM32CubeCLT_1.16.0/GNU-tools-for-STM32/bin/../lib/gcc/arm-none-eabi/12.3.1/../../../../arm-none-eabi/lib/thumb/v7e-m+dp/hard\libc_nano.a(libc_a-reent.o)
 .text._reclaim_reent
                0x00000000       0xac C:/IDE/ST/STM32CubeCLT_1.16.0/GNU-tools-for-STM32/bin/../lib/gcc/arm-none-eabi/12.3.1/../../../../arm-none-eabi/lib/thumb/v7e-m+dp/hard\libc_nano.a(libc_a-reent.o)
 .bss.errno     0x00000000        0x4 C:/IDE/ST/STM32CubeCLT_1.16.0/GNU-tools-for-STM32/bin/../lib/gcc/arm-none-eabi/12.3.1/../../../../arm-none-eabi/lib/thumb/v7e-m+dp/hard\libc_nano.a(libc_a-reent.o)
 .debug_frame   0x00000000       0x38 C:/IDE/ST/STM32CubeCLT_1.16.0/GNU-tools-for-STM32/bin/../lib/gcc/arm-none-eabi/12.3.1/../../../../arm-none-eabi/lib/thumb/v7e-m+dp/hard\libc_nano.a(libc_a-reent.o)
 .ARM.attributes
                0x00000000       0x32 C:/IDE/ST/STM32CubeCLT_1.16.0/GNU-tools-for-STM32/bin/../lib/gcc/arm-none-eabi/12.3.1/../../../../arm-none-eabi/lib/thumb/v7e-m+dp/hard\libc_nano.a(libc_a-reent.o)
 .text          0x00000000        0x0 C:/IDE/ST/STM32CubeCLT_1.16.0/GNU-tools-for-STM32/bin/../lib/gcc/arm-none-eabi/12.3.1/../../../../arm-none-eabi/lib/thumb/v7e-m+dp/hard\libc_nano.a(libc_a-impure.o)
 .data          0x00000000        0x0 C:/IDE/ST/STM32CubeCLT_1.16.0/GNU-tools-for-STM32/bin/../lib/gcc/arm-none-eabi/12.3.1/../../../../arm-none-eabi/lib/thumb/v7e-m+dp/hard\libc_nano.a(libc_a-impure.o)
 .bss           0x00000000        0x0 C:/IDE/ST/STM32CubeCLT_1.16.0/GNU-tools-for-STM32/bin/../lib/gcc/arm-none-eabi/12.3.1/../../../../arm-none-eabi/lib/thumb/v7e-m+dp/hard\libc_nano.a(libc_a-impure.o)
 .data._impure_ptr
                0x00000000        0x4 C:/IDE/ST/STM32CubeCLT_1.16.0/GNU-tools-for-STM32/bin/../lib/gcc/arm-none-eabi/12.3.1/../../../../arm-none-eabi/lib/thumb/v7e-m+dp/hard\libc_nano.a(libc_a-impure.o)
 .data._impure_data
                0x00000000       0x4c C:/IDE/ST/STM32CubeCLT_1.16.0/GNU-tools-for-STM32/bin/../lib/gcc/arm-none-eabi/12.3.1/../../../../arm-none-eabi/lib/thumb/v7e-m+dp/hard\libc_nano.a(libc_a-impure.o)
 .ARM.attributes
                0x00000000       0x32 C:/IDE/ST/STM32CubeCLT_1.16.0/GNU-tools-for-STM32/bin/../lib/gcc/arm-none-eabi/12.3.1/../../../../arm-none-eabi/lib/thumb/v7e-m+dp/hard\libc_nano.a(libc_a-impure.o)
 .text          0x00000000        0x0 C:/IDE/ST/STM32CubeCLT_1.16.0/GNU-tools-for-STM32/bin/../lib/gcc/arm-none-eabi/12.3.1/../../../../arm-none-eabi/lib/thumb/v7e-m+dp/hard\libc_nano.a(libc_a-lseekr.o)
 .data          0x00000000        0x0 C:/IDE/ST/STM32CubeCLT_1.16.0/GNU-tools-for-STM32/bin/../lib/gcc/arm-none-eabi/12.3.1/../../../../arm-none-eabi/lib/thumb/v7e-m+dp/hard\libc_nano.a(libc_a-lseekr.o)
 .bss           0x00000000        0x0 C:/IDE/ST/STM32CubeCLT_1.16.0/GNU-tools-for-STM32/bin/../lib/gcc/arm-none-eabi/12.3.1/../../../../arm-none-eabi/lib/thumb/v7e-m+dp/hard\libc_nano.a(libc_a-lseekr.o)
 .text._lseek_r
                0x00000000       0x24 C:/IDE/ST/STM32CubeCLT_1.16.0/GNU-tools-for-STM32/bin/../lib/gcc/arm-none-eabi/12.3.1/../../../../arm-none-eabi/lib/thumb/v7e-m+dp/hard\libc_nano.a(libc_a-lseekr.o)
 .debug_frame   0x00000000       0x2c C:/IDE/ST/STM32CubeCLT_1.16.0/GNU-tools-for-STM32/bin/../lib/gcc/arm-none-eabi/12.3.1/../../../../arm-none-eabi/lib/thumb/v7e-m+dp/hard\libc_nano.a(libc_a-lseekr.o)
 .ARM.attributes
                0x00000000       0x32 C:/IDE/ST/STM32CubeCLT_1.16.0/GNU-tools-for-STM32/bin/../lib/gcc/arm-none-eabi/12.3.1/../../../../arm-none-eabi/lib/thumb/v7e-m+dp/hard\libc_nano.a(libc_a-lseekr.o)
 .text          0x00000000        0x0 C:/IDE/ST/STM32CubeCLT_1.16.0/GNU-tools-for-STM32/bin/../lib/gcc/arm-none-eabi/12.3.1/../../../../arm-none-eabi/lib/thumb/v7e-m+dp/hard\libc_nano.a(libc_a-readr.o)
 .data          0x00000000        0x0 C:/IDE/ST/STM32CubeCLT_1.16.0/GNU-tools-for-STM32/bin/../lib/gcc/arm-none-eabi/12.3.1/../../../../arm-none-eabi/lib/thumb/v7e-m+dp/hard\libc_nano.a(libc_a-readr.o)
 .bss           0x00000000        0x0 C:/IDE/ST/STM32CubeCLT_1.16.0/GNU-tools-for-STM32/bin/../lib/gcc/arm-none-eabi/12.3.1/../../../../arm-none-eabi/lib/thumb/v7e-m+dp/hard\libc_nano.a(libc_a-readr.o)
 .text._read_r  0x00000000       0x24 C:/IDE/ST/STM32CubeCLT_1.16.0/GNU-tools-for-STM32/bin/../lib/gcc/arm-none-eabi/12.3.1/../../../../arm-none-eabi/lib/thumb/v7e-m+dp/hard\libc_nano.a(libc_a-readr.o)
 .debug_frame   0x00000000       0x2c C:/IDE/ST/STM32CubeCLT_1.16.0/GNU-tools-for-STM32/bin/../lib/gcc/arm-none-eabi/12.3.1/../../../../arm-none-eabi/lib/thumb/v7e-m+dp/hard\libc_nano.a(libc_a-readr.o)
 .ARM.attributes
                0x00000000       0x32 C:/IDE/ST/STM32CubeCLT_1.16.0/GNU-tools-for-STM32/bin/../lib/gcc/arm-none-eabi/12.3.1/../../../../arm-none-eabi/lib/thumb/v7e-m+dp/hard\libc_nano.a(libc_a-readr.o)
 .text          0x00000000        0x0 C:/IDE/ST/STM32CubeCLT_1.16.0/GNU-tools-for-STM32/bin/../lib/gcc/arm-none-eabi/12.3.1/../../../../arm-none-eabi/lib/thumb/v7e-m+dp/hard\libc_nano.a(libc_a-writer.o)
 .data          0x00000000        0x0 C:/IDE/ST/STM32CubeCLT_1.16.0/GNU-tools-for-STM32/bin/../lib/gcc/arm-none-eabi/12.3.1/../../../../arm-none-eabi/lib/thumb/v7e-m+dp/hard\libc_nano.a(libc_a-writer.o)
 .bss           0x00000000        0x0 C:/IDE/ST/STM32CubeCLT_1.16.0/GNU-tools-for-STM32/bin/../lib/gcc/arm-none-eabi/12.3.1/../../../../arm-none-eabi/lib/thumb/v7e-m+dp/hard\libc_nano.a(libc_a-writer.o)
 .text._write_r
                0x00000000       0x24 C:/IDE/ST/STM32CubeCLT_1.16.0/GNU-tools-for-STM32/bin/../lib/gcc/arm-none-eabi/12.3.1/../../../../arm-none-eabi/lib/thumb/v7e-m+dp/hard\libc_nano.a(libc_a-writer.o)
 .debug_frame   0x00000000       0x2c C:/IDE/ST/STM32CubeCLT_1.16.0/GNU-tools-for-STM32/bin/../lib/gcc/arm-none-eabi/12.3.1/../../../../arm-none-eabi/lib/thumb/v7e-m+dp/hard\libc_nano.a(libc_a-writer.o)
 .ARM.attributes
                0x00000000       0x32 C:/IDE/ST/STM32CubeCLT_1.16.0/GNU-tools-for-STM32/bin/../lib/gcc/arm-none-eabi/12.3.1/../../../../arm-none-eabi/lib/thumb/v7e-m+dp/hard\libc_nano.a(libc_a-writer.o)
 .text          0x00000000        0x0 C:/IDE/ST/STM32CubeCLT_1.16.0/GNU-tools-for-STM32/bin/../lib/gcc/arm-none-eabi/12.3.1/../../../../arm-none-eabi/lib/thumb/v7e-m+dp/hard\libc_nano.a(libc_a-init.o)
 .data          0x00000000        0x0 C:/IDE/ST/STM32CubeCLT_1.16.0/GNU-tools-for-STM32/bin/../lib/gcc/arm-none-eabi/12.3.1/../../../../arm-none-eabi/lib/thumb/v7e-m+dp/hard\libc_nano.a(libc_a-init.o)
 .bss           0x00000000        0x0 C:/IDE/ST/STM32CubeCLT_1.16.0/GNU-tools-for-STM32/bin/../lib/gcc/arm-none-eabi/12.3.1/../../../../arm-none-eabi/lib/thumb/v7e-m+dp/hard\libc_nano.a(libc_a-init.o)
 .text          0x00000000        0x0 C:/IDE/ST/STM32CubeCLT_1.16.0/GNU-tools-for-STM32/bin/../lib/gcc/arm-none-eabi/12.3.1/../../../../arm-none-eabi/lib/thumb/v7e-m+dp/hard\libc_nano.a(libc_a-lock.o)
 .data          0x00000000        0x0 C:/IDE/ST/STM32CubeCLT_1.16.0/GNU-tools-for-STM32/bin/../lib/gcc/arm-none-eabi/12.3.1/../../../../arm-none-eabi/lib/thumb/v7e-m+dp/hard\libc_nano.a(libc_a-lock.o)
 .bss           0x00000000        0x0 C:/IDE/ST/STM32CubeCLT_1.16.0/GNU-tools-for-STM32/bin/../lib/gcc/arm-none-eabi/12.3.1/../../../../arm-none-eabi/lib/thumb/v7e-m+dp/hard\libc_nano.a(libc_a-lock.o)
 .text.__retarget_lock_init
                0x00000000        0x2 C:/IDE/ST/STM32CubeCLT_1.16.0/GNU-tools-for-STM32/bin/../lib/gcc/arm-none-eabi/12.3.1/../../../../arm-none-eabi/lib/thumb/v7e-m+dp/hard\libc_nano.a(libc_a-lock.o)
 .text.__retarget_lock_init_recursive
                0x00000000        0x2 C:/IDE/ST/STM32CubeCLT_1.16.0/GNU-tools-for-STM32/bin/../lib/gcc/arm-none-eabi/12.3.1/../../../../arm-none-eabi/lib/thumb/v7e-m+dp/hard\libc_nano.a(libc_a-lock.o)
 .text.__retarget_lock_close
                0x00000000        0x2 C:/IDE/ST/STM32CubeCLT_1.16.0/GNU-tools-for-STM32/bin/../lib/gcc/arm-none-eabi/12.3.1/../../../../arm-none-eabi/lib/thumb/v7e-m+dp/hard\libc_nano.a(libc_a-lock.o)
 .text.__retarget_lock_close_recursive
                0x00000000        0x2 C:/IDE/ST/STM32CubeCLT_1.16.0/GNU-tools-for-STM32/bin/../lib/gcc/arm-none-eabi/12.3.1/../../../../arm-none-eabi/lib/thumb/v7e-m+dp/hard\libc_nano.a(libc_a-lock.o)
 .text.__retarget_lock_acquire
                0x00000000        0x2 C:/IDE/ST/STM32CubeCLT_1.16.0/GNU-tools-for-STM32/bin/../lib/gcc/arm-none-eabi/12.3.1/../../../../arm-none-eabi/lib/thumb/v7e-m+dp/hard\libc_nano.a(libc_a-lock.o)
 .text.__retarget_lock_acquire_recursive
                0x00000000        0x2 C:/IDE/ST/STM32CubeCLT_1.16.0/GNU-tools-for-STM32/bin/../lib/gcc/arm-none-eabi/12.3.1/../../../../arm-none-eabi/lib/thumb/v7e-m+dp/hard\libc_nano.a(libc_a-lock.o)
 .text.__retarget_lock_try_acquire
                0x00000000        0x4 C:/IDE/ST/STM32CubeCLT_1.16.0/GNU-tools-for-STM32/bin/../lib/gcc/arm-none-eabi/12.3.1/../../../../arm-none-eabi/lib/thumb/v7e-m+dp/hard\libc_nano.a(libc_a-lock.o)
 .text.__retarget_lock_try_acquire_recursive
                0x00000000        0x4 C:/IDE/ST/STM32CubeCLT_1.16.0/GNU-tools-for-STM32/bin/../lib/gcc/arm-none-eabi/12.3.1/../../../../arm-none-eabi/lib/thumb/v7e-m+dp/hard\libc_nano.a(libc_a-lock.o)
 .text.__retarget_lock_release
                0x00000000        0x2 C:/IDE/ST/STM32CubeCLT_1.16.0/GNU-tools-for-STM32/bin/../lib/gcc/arm-none-eabi/12.3.1/../../../../arm-none-eabi/lib/thumb/v7e-m+dp/hard\libc_nano.a(libc_a-lock.o)
 .text.__retarget_lock_release_recursive
                0x00000000        0x2 C:/IDE/ST/STM32CubeCLT_1.16.0/GNU-tools-for-STM32/bin/../lib/gcc/arm-none-eabi/12.3.1/../../../../arm-none-eabi/lib/thumb/v7e-m+dp/hard\libc_nano.a(libc_a-lock.o)
 .bss.__lock___arc4random_mutex
                0x00000000        0x1 C:/IDE/ST/STM32CubeCLT_1.16.0/GNU-tools-for-STM32/bin/../lib/gcc/arm-none-eabi/12.3.1/../../../../arm-none-eabi/lib/thumb/v7e-m+dp/hard\libc_nano.a(libc_a-lock.o)
 .bss.__lock___dd_hash_mutex
                0x00000000        0x1 C:/IDE/ST/STM32CubeCLT_1.16.0/GNU-tools-for-STM32/bin/../lib/gcc/arm-none-eabi/12.3.1/../../../../arm-none-eabi/lib/thumb/v7e-m+dp/hard\libc_nano.a(libc_a-lock.o)
 .bss.__lock___tz_mutex
                0x00000000        0x1 C:/IDE/ST/STM32CubeCLT_1.16.0/GNU-tools-for-STM32/bin/../lib/gcc/arm-none-eabi/12.3.1/../../../../arm-none-eabi/lib/thumb/v7e-m+dp/hard\libc_nano.a(libc_a-lock.o)
 .bss.__lock___env_recursive_mutex
                0x00000000        0x1 C:/IDE/ST/STM32CubeCLT_1.16.0/GNU-tools-for-STM32/bin/../lib/gcc/arm-none-eabi/12.3.1/../../../../arm-none-eabi/lib/thumb/v7e-m+dp/hard\libc_nano.a(libc_a-lock.o)
 .bss.__lock___malloc_recursive_mutex
                0x00000000        0x1 C:/IDE/ST/STM32CubeCLT_1.16.0/GNU-tools-for-STM32/bin/../lib/gcc/arm-none-eabi/12.3.1/../../../../arm-none-eabi/lib/thumb/v7e-m+dp/hard\libc_nano.a(libc_a-lock.o)
 .bss.__lock___at_quick_exit_mutex
                0x00000000        0x1 C:/IDE/ST/STM32CubeCLT_1.16.0/GNU-tools-for-STM32/bin/../lib/gcc/arm-none-eabi/12.3.1/../../../../arm-none-eabi/lib/thumb/v7e-m+dp/hard\libc_nano.a(libc_a-lock.o)
 .bss.__lock___atexit_recursive_mutex
                0x00000000        0x1 C:/IDE/ST/STM32CubeCLT_1.16.0/GNU-tools-for-STM32/bin/../lib/gcc/arm-none-eabi/12.3.1/../../../../arm-none-eabi/lib/thumb/v7e-m+dp/hard\libc_nano.a(libc_a-lock.o)
 .bss.__lock___sfp_recursive_mutex
                0x00000000        0x1 C:/IDE/ST/STM32CubeCLT_1.16.0/GNU-tools-for-STM32/bin/../lib/gcc/arm-none-eabi/12.3.1/../../../../arm-none-eabi/lib/thumb/v7e-m+dp/hard\libc_nano.a(libc_a-lock.o)
 .debug_frame   0x00000000       0xb0 C:/IDE/ST/STM32CubeCLT_1.16.0/GNU-tools-for-STM32/bin/../lib/gcc/arm-none-eabi/12.3.1/../../../../arm-none-eabi/lib/thumb/v7e-m+dp/hard\libc_nano.a(libc_a-lock.o)
 .ARM.attributes
                0x00000000       0x32 C:/IDE/ST/STM32CubeCLT_1.16.0/GNU-tools-for-STM32/bin/../lib/gcc/arm-none-eabi/12.3.1/../../../../arm-none-eabi/lib/thumb/v7e-m+dp/hard\libc_nano.a(libc_a-lock.o)
 .text          0x00000000        0x0 C:/IDE/ST/STM32CubeCLT_1.16.0/GNU-tools-for-STM32/bin/../lib/gcc/arm-none-eabi/12.3.1/../../../../arm-none-eabi/lib/thumb/v7e-m+dp/hard\libc_nano.a(libc_a-freer.o)
 .data          0x00000000        0x0 C:/IDE/ST/STM32CubeCLT_1.16.0/GNU-tools-for-STM32/bin/../lib/gcc/arm-none-eabi/12.3.1/../../../../arm-none-eabi/lib/thumb/v7e-m+dp/hard\libc_nano.a(libc_a-freer.o)
 .bss           0x00000000        0x0 C:/IDE/ST/STM32CubeCLT_1.16.0/GNU-tools-for-STM32/bin/../lib/gcc/arm-none-eabi/12.3.1/../../../../arm-none-eabi/lib/thumb/v7e-m+dp/hard\libc_nano.a(libc_a-freer.o)
 .text._free_r  0x00000000       0x94 C:/IDE/ST/STM32CubeCLT_1.16.0/GNU-tools-for-STM32/bin/../lib/gcc/arm-none-eabi/12.3.1/../../../../arm-none-eabi/lib/thumb/v7e-m+dp/hard\libc_nano.a(libc_a-freer.o)
 .debug_frame   0x00000000       0x38 C:/IDE/ST/STM32CubeCLT_1.16.0/GNU-tools-for-STM32/bin/../lib/gcc/arm-none-eabi/12.3.1/../../../../arm-none-eabi/lib/thumb/v7e-m+dp/hard\libc_nano.a(libc_a-freer.o)
 .ARM.attributes
                0x00000000       0x32 C:/IDE/ST/STM32CubeCLT_1.16.0/GNU-tools-for-STM32/bin/../lib/gcc/arm-none-eabi/12.3.1/../../../../arm-none-eabi/lib/thumb/v7e-m+dp/hard\libc_nano.a(libc_a-freer.o)
 .text          0x00000000        0x0 C:/IDE/ST/STM32CubeCLT_1.16.0/GNU-tools-for-STM32/bin/../lib/gcc/arm-none-eabi/12.3.1/../../../../arm-none-eabi/lib/thumb/v7e-m+dp/hard\libc_nano.a(libc_a-mallocr.o)
 .data          0x00000000        0x0 C:/IDE/ST/STM32CubeCLT_1.16.0/GNU-tools-for-STM32/bin/../lib/gcc/arm-none-eabi/12.3.1/../../../../arm-none-eabi/lib/thumb/v7e-m+dp/hard\libc_nano.a(libc_a-mallocr.o)
 .bss           0x00000000        0x0 C:/IDE/ST/STM32CubeCLT_1.16.0/GNU-tools-for-STM32/bin/../lib/gcc/arm-none-eabi/12.3.1/../../../../arm-none-eabi/lib/thumb/v7e-m+dp/hard\libc_nano.a(libc_a-mallocr.o)
 .text.sbrk_aligned
                0x00000000       0x44 C:/IDE/ST/STM32CubeCLT_1.16.0/GNU-tools-for-STM32/bin/../lib/gcc/arm-none-eabi/12.3.1/../../../../arm-none-eabi/lib/thumb/v7e-m+dp/hard\libc_nano.a(libc_a-mallocr.o)
 .text._malloc_r
                0x00000000      0x100 C:/IDE/ST/STM32CubeCLT_1.16.0/GNU-tools-for-STM32/bin/../lib/gcc/arm-none-eabi/12.3.1/../../../../arm-none-eabi/lib/thumb/v7e-m+dp/hard\libc_nano.a(libc_a-mallocr.o)
 .bss.__malloc_sbrk_start
                0x00000000        0x4 C:/IDE/ST/STM32CubeCLT_1.16.0/GNU-tools-for-STM32/bin/../lib/gcc/arm-none-eabi/12.3.1/../../../../arm-none-eabi/lib/thumb/v7e-m+dp/hard\libc_nano.a(libc_a-mallocr.o)
 .bss.__malloc_free_list
                0x00000000        0x4 C:/IDE/ST/STM32CubeCLT_1.16.0/GNU-tools-for-STM32/bin/../lib/gcc/arm-none-eabi/12.3.1/../../../../arm-none-eabi/lib/thumb/v7e-m+dp/hard\libc_nano.a(libc_a-mallocr.o)
 .debug_frame   0x00000000       0x50 C:/IDE/ST/STM32CubeCLT_1.16.0/GNU-tools-for-STM32/bin/../lib/gcc/arm-none-eabi/12.3.1/../../../../arm-none-eabi/lib/thumb/v7e-m+dp/hard\libc_nano.a(libc_a-mallocr.o)
 .ARM.attributes
                0x00000000       0x32 C:/IDE/ST/STM32CubeCLT_1.16.0/GNU-tools-for-STM32/bin/../lib/gcc/arm-none-eabi/12.3.1/../../../../arm-none-eabi/lib/thumb/v7e-m+dp/hard\libc_nano.a(libc_a-mallocr.o)
 .text          0x00000000        0x0 C:/IDE/ST/STM32CubeCLT_1.16.0/GNU-tools-for-STM32/bin/../lib/gcc/arm-none-eabi/12.3.1/../../../../arm-none-eabi/lib/thumb/v7e-m+dp/hard\libc_nano.a(libc_a-mlock.o)
 .data          0x00000000        0x0 C:/IDE/ST/STM32CubeCLT_1.16.0/GNU-tools-for-STM32/bin/../lib/gcc/arm-none-eabi/12.3.1/../../../../arm-none-eabi/lib/thumb/v7e-m+dp/hard\libc_nano.a(libc_a-mlock.o)
 .bss           0x00000000        0x0 C:/IDE/ST/STM32CubeCLT_1.16.0/GNU-tools-for-STM32/bin/../lib/gcc/arm-none-eabi/12.3.1/../../../../arm-none-eabi/lib/thumb/v7e-m+dp/hard\libc_nano.a(libc_a-mlock.o)
 .text.__malloc_lock
                0x00000000        0xc C:/IDE/ST/STM32CubeCLT_1.16.0/GNU-tools-for-STM32/bin/../lib/gcc/arm-none-eabi/12.3.1/../../../../arm-none-eabi/lib/thumb/v7e-m+dp/hard\libc_nano.a(libc_a-mlock.o)
 .text.__malloc_unlock
                0x00000000        0xc C:/IDE/ST/STM32CubeCLT_1.16.0/GNU-tools-for-STM32/bin/../lib/gcc/arm-none-eabi/12.3.1/../../../../arm-none-eabi/lib/thumb/v7e-m+dp/hard\libc_nano.a(libc_a-mlock.o)
 .debug_frame   0x00000000       0x30 C:/IDE/ST/STM32CubeCLT_1.16.0/GNU-tools-for-STM32/bin/../lib/gcc/arm-none-eabi/12.3.1/../../../../arm-none-eabi/lib/thumb/v7e-m+dp/hard\libc_nano.a(libc_a-mlock.o)
 .ARM.attributes
                0x00000000       0x32 C:/IDE/ST/STM32CubeCLT_1.16.0/GNU-tools-for-STM32/bin/../lib/gcc/arm-none-eabi/12.3.1/../../../../arm-none-eabi/lib/thumb/v7e-m+dp/hard\libc_nano.a(libc_a-mlock.o)
 .text          0x00000000        0x0 C:/IDE/ST/STM32CubeCLT_1.16.0/GNU-tools-for-STM32/bin/../lib/gcc/arm-none-eabi/12.3.1/../../../../arm-none-eabi/lib/thumb/v7e-m+dp/hard\libc_nano.a(libc_a-fflush.o)
 .data          0x00000000        0x0 C:/IDE/ST/STM32CubeCLT_1.16.0/GNU-tools-for-STM32/bin/../lib/gcc/arm-none-eabi/12.3.1/../../../../arm-none-eabi/lib/thumb/v7e-m+dp/hard\libc_nano.a(libc_a-fflush.o)
 .bss           0x00000000        0x0 C:/IDE/ST/STM32CubeCLT_1.16.0/GNU-tools-for-STM32/bin/../lib/gcc/arm-none-eabi/12.3.1/../../../../arm-none-eabi/lib/thumb/v7e-m+dp/hard\libc_nano.a(libc_a-fflush.o)
 .text.__sflush_r
                0x00000000      0x108 C:/IDE/ST/STM32CubeCLT_1.16.0/GNU-tools-for-STM32/bin/../lib/gcc/arm-none-eabi/12.3.1/../../../../arm-none-eabi/lib/thumb/v7e-m+dp/hard\libc_nano.a(libc_a-fflush.o)
 .text._fflush_r
                0x00000000       0x50 C:/IDE/ST/STM32CubeCLT_1.16.0/GNU-tools-for-STM32/bin/../lib/gcc/arm-none-eabi/12.3.1/../../../../arm-none-eabi/lib/thumb/v7e-m+dp/hard\libc_nano.a(libc_a-fflush.o)
 .text.fflush   0x00000000       0x28 C:/IDE/ST/STM32CubeCLT_1.16.0/GNU-tools-for-STM32/bin/../lib/gcc/arm-none-eabi/12.3.1/../../../../arm-none-eabi/lib/thumb/v7e-m+dp/hard\libc_nano.a(libc_a-fflush.o)
 .debug_frame   0x00000000       0x5c C:/IDE/ST/STM32CubeCLT_1.16.0/GNU-tools-for-STM32/bin/../lib/gcc/arm-none-eabi/12.3.1/../../../../arm-none-eabi/lib/thumb/v7e-m+dp/hard\libc_nano.a(libc_a-fflush.o)
 .ARM.attributes
                0x00000000       0x32 C:/IDE/ST/STM32CubeCLT_1.16.0/GNU-tools-for-STM32/bin/../lib/gcc/arm-none-eabi/12.3.1/../../../../arm-none-eabi/lib/thumb/v7e-m+dp/hard\libc_nano.a(libc_a-fflush.o)
 .text          0x00000000        0x0 C:/IDE/ST/STM32CubeCLT_1.16.0/GNU-tools-for-STM32/bin/../lib/gcc/arm-none-eabi/12.3.1/../../../../arm-none-eabi/lib/thumb/v7e-m+dp/hard\libc_nano.a(libc_a-sbrkr.o)
 .data          0x00000000        0x0 C:/IDE/ST/STM32CubeCLT_1.16.0/GNU-tools-for-STM32/bin/../lib/gcc/arm-none-eabi/12.3.1/../../../../arm-none-eabi/lib/thumb/v7e-m+dp/hard\libc_nano.a(libc_a-sbrkr.o)
 .bss           0x00000000        0x0 C:/IDE/ST/STM32CubeCLT_1.16.0/GNU-tools-for-STM32/bin/../lib/gcc/arm-none-eabi/12.3.1/../../../../arm-none-eabi/lib/thumb/v7e-m+dp/hard\libc_nano.a(libc_a-sbrkr.o)
 .text._sbrk_r  0x00000000       0x20 C:/IDE/ST/STM32CubeCLT_1.16.0/GNU-tools-for-STM32/bin/../lib/gcc/arm-none-eabi/12.3.1/../../../../arm-none-eabi/lib/thumb/v7e-m+dp/hard\libc_nano.a(libc_a-sbrkr.o)
 .debug_frame   0x00000000       0x2c C:/IDE/ST/STM32CubeCLT_1.16.0/GNU-tools-for-STM32/bin/../lib/gcc/arm-none-eabi/12.3.1/../../../../arm-none-eabi/lib/thumb/v7e-m+dp/hard\libc_nano.a(libc_a-sbrkr.o)
 .ARM.attributes
                0x00000000       0x32 C:/IDE/ST/STM32CubeCLT_1.16.0/GNU-tools-for-STM32/bin/../lib/gcc/arm-none-eabi/12.3.1/../../../../arm-none-eabi/lib/thumb/v7e-m+dp/hard\libc_nano.a(libc_a-sbrkr.o)
 .text          0x00000000        0x0 CMakeFiles/h743-valve-controller.dir/Core/Src/main.c.obj
 .data          0x00000000        0x0 CMakeFiles/h743-valve-controller.dir/Core/Src/main.c.obj
 .bss           0x00000000        0x0 CMakeFiles/h743-valve-controller.dir/Core/Src/main.c.obj
 .text.__io_putchar
                0x00000000       0x14 CMakeFiles/h743-valve-controller.dir/Core/Src/main.c.obj
 .text.Error_Handler
                0x00000000        0x4 CMakeFiles/h743-valve-controller.dir/Core/Src/main.c.obj
 .text          0x00000000        0x0 CMakeFiles/h743-valve-controller.dir/Core/Src/gpio.c.obj
 .data          0x00000000        0x0 CMakeFiles/h743-valve-controller.dir/Core/Src/gpio.c.obj
 .bss           0x00000000        0x0 CMakeFiles/h743-valve-controller.dir/Core/Src/gpio.c.obj
 .text          0x00000000        0x0 CMakeFiles/h743-valve-controller.dir/Core/Src/i2c.c.obj
 .data          0x00000000        0x0 CMakeFiles/h743-valve-controller.dir/Core/Src/i2c.c.obj
 .bss           0x00000000        0x0 CMakeFiles/h743-valve-controller.dir/Core/Src/i2c.c.obj
 .text          0x00000000        0x0 CMakeFiles/h743-valve-controller.dir/Core/Src/memorymap.c.obj
 .data          0x00000000        0x0 CMakeFiles/h743-valve-controller.dir/Core/Src/memorymap.c.obj
 .bss           0x00000000        0x0 CMakeFiles/h743-valve-controller.dir/Core/Src/memorymap.c.obj
 .comment       0x00000000       0x44 CMakeFiles/h743-valve-controller.dir/Core/Src/memorymap.c.obj
 .ARM.attributes
                0x00000000       0x32 CMakeFiles/h743-valve-controller.dir/Core/Src/memorymap.c.obj
 .text          0x00000000        0x0 CMakeFiles/h743-valve-controller.dir/Core/Src/usart.c.obj
 .data          0x00000000        0x0 CMakeFiles/h743-valve-controller.dir/Core/Src/usart.c.obj
 .bss           0x00000000        0x0 CMakeFiles/h743-valve-controller.dir/Core/Src/usart.c.obj
 .text          0x00000000        0x0 CMakeFiles/h743-valve-controller.dir/Core/Src/stm32h7xx_it.c.obj
 .data          0x00000000        0x0 CMakeFiles/h743-valve-controller.dir/Core/Src/stm32h7xx_it.c.obj
 .bss           0x00000000        0x0 CMakeFiles/h743-valve-controller.dir/Core/Src/stm32h7xx_it.c.obj
 .text          0x00000000        0x0 CMakeFiles/h743-valve-controller.dir/Drivers/STM32H7xx_HAL_Driver/Src/stm32h7xx_ll_exti.c.obj
 .data          0x00000000        0x0 CMakeFiles/h743-valve-controller.dir/Drivers/STM32H7xx_HAL_Driver/Src/stm32h7xx_ll_exti.c.obj
 .bss           0x00000000        0x0 CMakeFiles/h743-valve-controller.dir/Drivers/STM32H7xx_HAL_Driver/Src/stm32h7xx_ll_exti.c.obj
 .text.LL_EXTI_DeInit
                0x00000000       0x64 CMakeFiles/h743-valve-controller.dir/Drivers/STM32H7xx_HAL_Driver/Src/stm32h7xx_ll_exti.c.obj
 .text.LL_EXTI_StructInit
                0x00000000       0x14 CMakeFiles/h743-valve-controller.dir/Drivers/STM32H7xx_HAL_Driver/Src/stm32h7xx_ll_exti.c.obj
 .text          0x00000000        0x0 CMakeFiles/h743-valve-controller.dir/Drivers/STM32H7xx_HAL_Driver/Src/stm32h7xx_ll_gpio.c.obj
 .data          0x00000000        0x0 CMakeFiles/h743-valve-controller.dir/Drivers/STM32H7xx_HAL_Driver/Src/stm32h7xx_ll_gpio.c.obj
 .bss           0x00000000        0x0 CMakeFiles/h743-valve-controller.dir/Drivers/STM32H7xx_HAL_Driver/Src/stm32h7xx_ll_gpio.c.obj
 .text.LL_GPIO_DeInit
                0x00000000      0x1c8 CMakeFiles/h743-valve-controller.dir/Drivers/STM32H7xx_HAL_Driver/Src/stm32h7xx_ll_gpio.c.obj
 .text.LL_GPIO_StructInit
                0x00000000       0x18 CMakeFiles/h743-valve-controller.dir/Drivers/STM32H7xx_HAL_Driver/Src/stm32h7xx_ll_gpio.c.obj
 .text          0x00000000        0x0 CMakeFiles/h743-valve-controller.dir/Drivers/STM32H7xx_HAL_Driver/Src/stm32h7xx_ll_i2c.c.obj
 .data          0x00000000        0x0 CMakeFiles/h743-valve-controller.dir/Drivers/STM32H7xx_HAL_Driver/Src/stm32h7xx_ll_i2c.c.obj
 .bss           0x00000000        0x0 CMakeFiles/h743-valve-controller.dir/Drivers/STM32H7xx_HAL_Driver/Src/stm32h7xx_ll_i2c.c.obj
 .text.LL_I2C_DeInit
                0x00000000       0xa8 CMakeFiles/h743-valve-controller.dir/Drivers/STM32H7xx_HAL_Driver/Src/stm32h7xx_ll_i2c.c.obj
 .text.LL_I2C_StructInit
                0x00000000       0x18 CMakeFiles/h743-valve-controller.dir/Drivers/STM32H7xx_HAL_Driver/Src/stm32h7xx_ll_i2c.c.obj
 .text          0x00000000        0x0 CMakeFiles/h743-valve-controller.dir/Drivers/STM32H7xx_HAL_Driver/Src/stm32h7xx_ll_dma.c.obj
 .data          0x00000000        0x0 CMakeFiles/h743-valve-controller.dir/Drivers/STM32H7xx_HAL_Driver/Src/stm32h7xx_ll_dma.c.obj
 .bss           0x00000000        0x0 CMakeFiles/h743-valve-controller.dir/Drivers/STM32H7xx_HAL_Driver/Src/stm32h7xx_ll_dma.c.obj
 .text.LL_DMA_DeInit
                0x00000000      0x1ec CMakeFiles/h743-valve-controller.dir/Drivers/STM32H7xx_HAL_Driver/Src/stm32h7xx_ll_dma.c.obj
 .text.LL_DMA_Init
                0x00000000       0xc4 CMakeFiles/h743-valve-controller.dir/Drivers/STM32H7xx_HAL_Driver/Src/stm32h7xx_ll_dma.c.obj
 .text.LL_DMA_StructInit
                0x00000000       0x28 CMakeFiles/h743-valve-controller.dir/Drivers/STM32H7xx_HAL_Driver/Src/stm32h7xx_ll_dma.c.obj
 .rodata.LL_DMA_STR_OFFSET_TAB
                0x00000000        0x8 CMakeFiles/h743-valve-controller.dir/Drivers/STM32H7xx_HAL_Driver/Src/stm32h7xx_ll_dma.c.obj
 .comment       0x00000000       0x44 CMakeFiles/h743-valve-controller.dir/Drivers/STM32H7xx_HAL_Driver/Src/stm32h7xx_ll_dma.c.obj
 .ARM.attributes
                0x00000000       0x32 CMakeFiles/h743-valve-controller.dir/Drivers/STM32H7xx_HAL_Driver/Src/stm32h7xx_ll_dma.c.obj
 .text          0x00000000        0x0 CMakeFiles/h743-valve-controller.dir/Drivers/STM32H7xx_HAL_Driver/Src/stm32h7xx_ll_rcc.c.obj
 .data          0x00000000        0x0 CMakeFiles/h743-valve-controller.dir/Drivers/STM32H7xx_HAL_Driver/Src/stm32h7xx_ll_rcc.c.obj
 .bss           0x00000000        0x0 CMakeFiles/h743-valve-controller.dir/Drivers/STM32H7xx_HAL_Driver/Src/stm32h7xx_ll_rcc.c.obj
 .text.LL_RCC_DeInit
                0x00000000       0xc0 CMakeFiles/h743-valve-controller.dir/Drivers/STM32H7xx_HAL_Driver/Src/stm32h7xx_ll_rcc.c.obj
 .text.LL_RCC_GetSystemClocksFreq
                0x00000000       0xc8 CMakeFiles/h743-valve-controller.dir/Drivers/STM32H7xx_HAL_Driver/Src/stm32h7xx_ll_rcc.c.obj
 .text.LL_RCC_CalcPLLClockFreq
                0x00000000       0x4c CMakeFiles/h743-valve-controller.dir/Drivers/STM32H7xx_HAL_Driver/Src/stm32h7xx_ll_rcc.c.obj
 .text.LL_RCC_GetLPUARTClockFreq
                0x00000000      0x10c CMakeFiles/h743-valve-controller.dir/Drivers/STM32H7xx_HAL_Driver/Src/stm32h7xx_ll_rcc.c.obj
 .text.LL_RCC_GetI2CClockFreq
                0x00000000      0x19c CMakeFiles/h743-valve-controller.dir/Drivers/STM32H7xx_HAL_Driver/Src/stm32h7xx_ll_rcc.c.obj
 .text.LL_RCC_GetLPTIMClockFreq
                0x00000000      0x264 CMakeFiles/h743-valve-controller.dir/Drivers/STM32H7xx_HAL_Driver/Src/stm32h7xx_ll_rcc.c.obj
 .text.LL_RCC_GetSAIClockFreq
                0x00000000      0x1a8 CMakeFiles/h743-valve-controller.dir/Drivers/STM32H7xx_HAL_Driver/Src/stm32h7xx_ll_rcc.c.obj
 .text.LL_RCC_GetADCClockFreq
                0x00000000       0xa4 CMakeFiles/h743-valve-controller.dir/Drivers/STM32H7xx_HAL_Driver/Src/stm32h7xx_ll_rcc.c.obj
 .text.LL_RCC_GetSDMMCClockFreq
                0x00000000       0x3c CMakeFiles/h743-valve-controller.dir/Drivers/STM32H7xx_HAL_Driver/Src/stm32h7xx_ll_rcc.c.obj
 .text.LL_RCC_GetRNGClockFreq
                0x00000000       0x6c CMakeFiles/h743-valve-controller.dir/Drivers/STM32H7xx_HAL_Driver/Src/stm32h7xx_ll_rcc.c.obj
 .text.LL_RCC_GetCECClockFreq
                0x00000000       0x48 CMakeFiles/h743-valve-controller.dir/Drivers/STM32H7xx_HAL_Driver/Src/stm32h7xx_ll_rcc.c.obj
 .text.LL_RCC_GetUSBClockFreq
                0x00000000       0x6c CMakeFiles/h743-valve-controller.dir/Drivers/STM32H7xx_HAL_Driver/Src/stm32h7xx_ll_rcc.c.obj
 .text.LL_RCC_GetDFSDMClockFreq
                0x00000000       0xe8 CMakeFiles/h743-valve-controller.dir/Drivers/STM32H7xx_HAL_Driver/Src/stm32h7xx_ll_rcc.c.obj
 .text.LL_RCC_GetSPDIFClockFreq
                0x00000000       0x8c CMakeFiles/h743-valve-controller.dir/Drivers/STM32H7xx_HAL_Driver/Src/stm32h7xx_ll_rcc.c.obj
 .text.LL_RCC_GetSPIClockFreq
                0x00000000      0x2e8 CMakeFiles/h743-valve-controller.dir/Drivers/STM32H7xx_HAL_Driver/Src/stm32h7xx_ll_rcc.c.obj
 .text.LL_RCC_GetSWPClockFreq
                0x00000000       0xb4 CMakeFiles/h743-valve-controller.dir/Drivers/STM32H7xx_HAL_Driver/Src/stm32h7xx_ll_rcc.c.obj
 .text.LL_RCC_GetFDCANClockFreq
                0x00000000       0x68 CMakeFiles/h743-valve-controller.dir/Drivers/STM32H7xx_HAL_Driver/Src/stm32h7xx_ll_rcc.c.obj
 .text.LL_RCC_GetFMCClockFreq
                0x00000000      0x114 CMakeFiles/h743-valve-controller.dir/Drivers/STM32H7xx_HAL_Driver/Src/stm32h7xx_ll_rcc.c.obj
 .text.LL_RCC_GetQSPIClockFreq
                0x00000000      0x118 CMakeFiles/h743-valve-controller.dir/Drivers/STM32H7xx_HAL_Driver/Src/stm32h7xx_ll_rcc.c.obj
 .text.LL_RCC_GetCLKPClockFreq
                0x00000000       0x58 CMakeFiles/h743-valve-controller.dir/Drivers/STM32H7xx_HAL_Driver/Src/stm32h7xx_ll_rcc.c.obj
 .text          0x00000000        0x0 CMakeFiles/h743-valve-controller.dir/Drivers/STM32H7xx_HAL_Driver/Src/stm32h7xx_ll_utils.c.obj
 .data          0x00000000        0x0 CMakeFiles/h743-valve-controller.dir/Drivers/STM32H7xx_HAL_Driver/Src/stm32h7xx_ll_utils.c.obj
 .bss           0x00000000        0x0 CMakeFiles/h743-valve-controller.dir/Drivers/STM32H7xx_HAL_Driver/Src/stm32h7xx_ll_utils.c.obj
 .text.LL_mDelay
                0x00000000       0x24 CMakeFiles/h743-valve-controller.dir/Drivers/STM32H7xx_HAL_Driver/Src/stm32h7xx_ll_utils.c.obj
 .text.LL_SetFlashLatency
                0x00000000      0x108 CMakeFiles/h743-valve-controller.dir/Drivers/STM32H7xx_HAL_Driver/Src/stm32h7xx_ll_utils.c.obj
 .text.UTILS_EnablePLLAndSwitchSystem
                0x00000000      0x108 CMakeFiles/h743-valve-controller.dir/Drivers/STM32H7xx_HAL_Driver/Src/stm32h7xx_ll_utils.c.obj
 .text.LL_PLL_ConfigSystemClock_HSI
                0x00000000      0x130 CMakeFiles/h743-valve-controller.dir/Drivers/STM32H7xx_HAL_Driver/Src/stm32h7xx_ll_utils.c.obj
 .text.LL_PLL_ConfigSystemClock_HSE
                0x00000000      0x144 CMakeFiles/h743-valve-controller.dir/Drivers/STM32H7xx_HAL_Driver/Src/stm32h7xx_ll_utils.c.obj
 .text          0x00000000        0x0 CMakeFiles/h743-valve-controller.dir/Drivers/STM32H7xx_HAL_Driver/Src/stm32h7xx_ll_usart.c.obj
 .data          0x00000000        0x0 CMakeFiles/h743-valve-controller.dir/Drivers/STM32H7xx_HAL_Driver/Src/stm32h7xx_ll_usart.c.obj
 .bss           0x00000000        0x0 CMakeFiles/h743-valve-controller.dir/Drivers/STM32H7xx_HAL_Driver/Src/stm32h7xx_ll_usart.c.obj
 .text.LL_USART_DeInit
                0x00000000      0x13c CMakeFiles/h743-valve-controller.dir/Drivers/STM32H7xx_HAL_Driver/Src/stm32h7xx_ll_usart.c.obj
 .text.LL_USART_StructInit
                0x00000000       0x1c CMakeFiles/h743-valve-controller.dir/Drivers/STM32H7xx_HAL_Driver/Src/stm32h7xx_ll_usart.c.obj
 .text.LL_USART_ClockInit
                0x00000000       0x30 CMakeFiles/h743-valve-controller.dir/Drivers/STM32H7xx_HAL_Driver/Src/stm32h7xx_ll_usart.c.obj
 .text.LL_USART_ClockStructInit
                0x00000000        0xc CMakeFiles/h743-valve-controller.dir/Drivers/STM32H7xx_HAL_Driver/Src/stm32h7xx_ll_usart.c.obj
 .text          0x00000000        0x0 CMakeFiles/h743-valve-controller.dir/Drivers/STM32H7xx_HAL_Driver/Src/stm32h7xx_ll_pwr.c.obj
 .data          0x00000000        0x0 CMakeFiles/h743-valve-controller.dir/Drivers/STM32H7xx_HAL_Driver/Src/stm32h7xx_ll_pwr.c.obj
 .bss           0x00000000        0x0 CMakeFiles/h743-valve-controller.dir/Drivers/STM32H7xx_HAL_Driver/Src/stm32h7xx_ll_pwr.c.obj
 .text.LL_PWR_DeInit
                0x00000000       0x10 CMakeFiles/h743-valve-controller.dir/Drivers/STM32H7xx_HAL_Driver/Src/stm32h7xx_ll_pwr.c.obj
 .comment       0x00000000       0x44 CMakeFiles/h743-valve-controller.dir/Drivers/STM32H7xx_HAL_Driver/Src/stm32h7xx_ll_pwr.c.obj
 .ARM.attributes
                0x00000000       0x32 CMakeFiles/h743-valve-controller.dir/Drivers/STM32H7xx_HAL_Driver/Src/stm32h7xx_ll_pwr.c.obj
 .text          0x00000000        0x0 CMakeFiles/h743-valve-controller.dir/Core/Src/system_stm32h7xx.c.obj
 .data          0x00000000        0x0 CMakeFiles/h743-valve-controller.dir/Core/Src/system_stm32h7xx.c.obj
 .bss           0x00000000        0x0 CMakeFiles/h743-valve-controller.dir/Core/Src/system_stm32h7xx.c.obj
 .text.SystemCoreClockUpdate
                0x00000000      0x150 CMakeFiles/h743-valve-controller.dir/Core/Src/system_stm32h7xx.c.obj
 .rodata.D1CorePrescTable
                0x00000000       0x10 CMakeFiles/h743-valve-controller.dir/Core/Src/system_stm32h7xx.c.obj
 .data.SystemD2Clock
                0x00000000        0x4 CMakeFiles/h743-valve-controller.dir/Core/Src/system_stm32h7xx.c.obj
 .text          0x00000000        0x0 CMakeFiles/h743-valve-controller.dir/Core/Src/sysmem.c.obj
 .data          0x00000000        0x0 CMakeFiles/h743-valve-controller.dir/Core/Src/sysmem.c.obj
 .bss           0x00000000        0x0 CMakeFiles/h743-valve-controller.dir/Core/Src/sysmem.c.obj
 .text._sbrk    0x00000000       0x48 CMakeFiles/h743-valve-controller.dir/Core/Src/sysmem.c.obj
 .bss.__sbrk_heap_end
                0x00000000        0x4 CMakeFiles/h743-valve-controller.dir/Core/Src/sysmem.c.obj
 .comment       0x00000000       0x44 CMakeFiles/h743-valve-controller.dir/Core/Src/sysmem.c.obj
 .ARM.attributes
                0x00000000       0x32 CMakeFiles/h743-valve-controller.dir/Core/Src/sysmem.c.obj
 .text          0x00000000        0x0 CMakeFiles/h743-valve-controller.dir/Core/Src/syscalls.c.obj
 .data          0x00000000        0x0 CMakeFiles/h743-valve-controller.dir/Core/Src/syscalls.c.obj
 .bss           0x00000000        0x0 CMakeFiles/h743-valve-controller.dir/Core/Src/syscalls.c.obj
 .text.initialise_monitor_handles
                0x00000000        0x4 CMakeFiles/h743-valve-controller.dir/Core/Src/syscalls.c.obj
 .text._getpid  0x00000000        0x4 CMakeFiles/h743-valve-controller.dir/Core/Src/syscalls.c.obj
 .text._kill    0x00000000       0x14 CMakeFiles/h743-valve-controller.dir/Core/Src/syscalls.c.obj
 .text._exit    0x00000000        0xc CMakeFiles/h743-valve-controller.dir/Core/Src/syscalls.c.obj
 .text._read    0x00000000       0x1c CMakeFiles/h743-valve-controller.dir/Core/Src/syscalls.c.obj
 .text._write   0x00000000       0x1c CMakeFiles/h743-valve-controller.dir/Core/Src/syscalls.c.obj
 .text._close   0x00000000        0x8 CMakeFiles/h743-valve-controller.dir/Core/Src/syscalls.c.obj
 .text._fstat   0x00000000        0xc CMakeFiles/h743-valve-controller.dir/Core/Src/syscalls.c.obj
 .text._isatty  0x00000000        0x4 CMakeFiles/h743-valve-controller.dir/Core/Src/syscalls.c.obj
 .text._lseek   0x00000000        0x4 CMakeFiles/h743-valve-controller.dir/Core/Src/syscalls.c.obj
 .text._open    0x00000000        0xc CMakeFiles/h743-valve-controller.dir/Core/Src/syscalls.c.obj
 .text._wait    0x00000000       0x14 CMakeFiles/h743-valve-controller.dir/Core/Src/syscalls.c.obj
 .text._unlink  0x00000000       0x14 CMakeFiles/h743-valve-controller.dir/Core/Src/syscalls.c.obj
 .text._times   0x00000000        0x8 CMakeFiles/h743-valve-controller.dir/Core/Src/syscalls.c.obj
 .text._stat    0x00000000        0xc CMakeFiles/h743-valve-controller.dir/Core/Src/syscalls.c.obj
 .text._link    0x00000000       0x14 CMakeFiles/h743-valve-controller.dir/Core/Src/syscalls.c.obj
 .text._fork    0x00000000       0x14 CMakeFiles/h743-valve-controller.dir/Core/Src/syscalls.c.obj
 .text._execve  0x00000000       0x14 CMakeFiles/h743-valve-controller.dir/Core/Src/syscalls.c.obj
 .data.environ  0x00000000        0x4 CMakeFiles/h743-valve-controller.dir/Core/Src/syscalls.c.obj
 .bss.__env     0x00000000        0x4 CMakeFiles/h743-valve-controller.dir/Core/Src/syscalls.c.obj
 .comment       0x00000000       0x44 CMakeFiles/h743-valve-controller.dir/Core/Src/syscalls.c.obj
 .ARM.attributes
                0x00000000       0x32 CMakeFiles/h743-valve-controller.dir/Core/Src/syscalls.c.obj
 .text          0x00000000       0x14 CMakeFiles/h743-valve-controller.dir/startup_stm32h743xx.s.obj
 .data          0x00000000        0x0 CMakeFiles/h743-valve-controller.dir/startup_stm32h743xx.s.obj
 .bss           0x00000000        0x0 CMakeFiles/h743-valve-controller.dir/startup_stm32h743xx.s.obj
 .text          0x00000000        0x0 C:/IDE/ST/STM32CubeCLT_1.16.0/GNU-tools-for-STM32/bin/../lib/gcc/arm-none-eabi/12.3.1/../../../../arm-none-eabi/lib/thumb/v7e-m+dp/hard\libg_nano.a(libc_a-errno.o)
 .data          0x00000000        0x0 C:/IDE/ST/STM32CubeCLT_1.16.0/GNU-tools-for-STM32/bin/../lib/gcc/arm-none-eabi/12.3.1/../../../../arm-none-eabi/lib/thumb/v7e-m+dp/hard\libg_nano.a(libc_a-errno.o)
 .bss           0x00000000        0x0 C:/IDE/ST/STM32CubeCLT_1.16.0/GNU-tools-for-STM32/bin/../lib/gcc/arm-none-eabi/12.3.1/../../../../arm-none-eabi/lib/thumb/v7e-m+dp/hard\libg_nano.a(libc_a-errno.o)
 .text.__errno  0x00000000        0xc C:/IDE/ST/STM32CubeCLT_1.16.0/GNU-tools-for-STM32/bin/../lib/gcc/arm-none-eabi/12.3.1/../../../../arm-none-eabi/lib/thumb/v7e-m+dp/hard\libg_nano.a(libc_a-errno.o)
 .debug_info    0x00000000      0x6fb C:/IDE/ST/STM32CubeCLT_1.16.0/GNU-tools-for-STM32/bin/../lib/gcc/arm-none-eabi/12.3.1/../../../../arm-none-eabi/lib/thumb/v7e-m+dp/hard\libg_nano.a(libc_a-errno.o)
 .debug_abbrev  0x00000000      0x15e C:/IDE/ST/STM32CubeCLT_1.16.0/GNU-tools-for-STM32/bin/../lib/gcc/arm-none-eabi/12.3.1/../../../../arm-none-eabi/lib/thumb/v7e-m+dp/hard\libg_nano.a(libc_a-errno.o)
 .debug_aranges
                0x00000000       0x20 C:/IDE/ST/STM32CubeCLT_1.16.0/GNU-tools-for-STM32/bin/../lib/gcc/arm-none-eabi/12.3.1/../../../../arm-none-eabi/lib/thumb/v7e-m+dp/hard\libg_nano.a(libc_a-errno.o)
 .debug_rnglists
                0x00000000       0x13 C:/IDE/ST/STM32CubeCLT_1.16.0/GNU-tools-for-STM32/bin/../lib/gcc/arm-none-eabi/12.3.1/../../../../arm-none-eabi/lib/thumb/v7e-m+dp/hard\libg_nano.a(libc_a-errno.o)
 .debug_line    0x00000000      0x185 C:/IDE/ST/STM32CubeCLT_1.16.0/GNU-tools-for-STM32/bin/../lib/gcc/arm-none-eabi/12.3.1/../../../../arm-none-eabi/lib/thumb/v7e-m+dp/hard\libg_nano.a(libc_a-errno.o)
 .debug_str     0x00000000      0x52e C:/IDE/ST/STM32CubeCLT_1.16.0/GNU-tools-for-STM32/bin/../lib/gcc/arm-none-eabi/12.3.1/../../../../arm-none-eabi/lib/thumb/v7e-m+dp/hard\libg_nano.a(libc_a-errno.o)
 .comment       0x00000000       0x44 C:/IDE/ST/STM32CubeCLT_1.16.0/GNU-tools-for-STM32/bin/../lib/gcc/arm-none-eabi/12.3.1/../../../../arm-none-eabi/lib/thumb/v7e-m+dp/hard\libg_nano.a(libc_a-errno.o)
 .debug_frame   0x00000000       0x20 C:/IDE/ST/STM32CubeCLT_1.16.0/GNU-tools-for-STM32/bin/../lib/gcc/arm-none-eabi/12.3.1/../../../../arm-none-eabi/lib/thumb/v7e-m+dp/hard\libg_nano.a(libc_a-errno.o)
 .ARM.attributes
                0x00000000       0x32 C:/IDE/ST/STM32CubeCLT_1.16.0/GNU-tools-for-STM32/bin/../lib/gcc/arm-none-eabi/12.3.1/../../../../arm-none-eabi/lib/thumb/v7e-m+dp/hard\libg_nano.a(libc_a-errno.o)
 .text          0x00000000        0x0 C:/IDE/ST/STM32CubeCLT_1.16.0/GNU-tools-for-STM32/bin/../lib/gcc/arm-none-eabi/12.3.1/thumb/v7e-m+dp/hard/crtend.o
 .data          0x00000000        0x0 C:/IDE/ST/STM32CubeCLT_1.16.0/GNU-tools-for-STM32/bin/../lib/gcc/arm-none-eabi/12.3.1/thumb/v7e-m+dp/hard/crtend.o
 .bss           0x00000000        0x0 C:/IDE/ST/STM32CubeCLT_1.16.0/GNU-tools-for-STM32/bin/../lib/gcc/arm-none-eabi/12.3.1/thumb/v7e-m+dp/hard/crtend.o
 .rodata        0x00000000       0x24 C:/IDE/ST/STM32CubeCLT_1.16.0/GNU-tools-for-STM32/bin/../lib/gcc/arm-none-eabi/12.3.1/thumb/v7e-m+dp/hard/crtend.o
 .eh_frame      0x00000000        0x4 C:/IDE/ST/STM32CubeCLT_1.16.0/GNU-tools-for-STM32/bin/../lib/gcc/arm-none-eabi/12.3.1/thumb/v7e-m+dp/hard/crtend.o
 .ARM.attributes
                0x00000000       0x32 C:/IDE/ST/STM32CubeCLT_1.16.0/GNU-tools-for-STM32/bin/../lib/gcc/arm-none-eabi/12.3.1/thumb/v7e-m+dp/hard/crtend.o
 .text          0x00000000        0x0 C:/IDE/ST/STM32CubeCLT_1.16.0/GNU-tools-for-STM32/bin/../lib/gcc/arm-none-eabi/12.3.1/thumb/v7e-m+dp/hard/crtn.o
 .data          0x00000000        0x0 C:/IDE/ST/STM32CubeCLT_1.16.0/GNU-tools-for-STM32/bin/../lib/gcc/arm-none-eabi/12.3.1/thumb/v7e-m+dp/hard/crtn.o
 .bss           0x00000000        0x0 C:/IDE/ST/STM32CubeCLT_1.16.0/GNU-tools-for-STM32/bin/../lib/gcc/arm-none-eabi/12.3.1/thumb/v7e-m+dp/hard/crtn.o

Memory Configuration

Name             Origin             Length             Attributes
DTCMRAM          0x20000000         0x00020000         xrw
RAM              0x24000000         0x00080000         xrw
RAM_D2           0x30000000         0x00048000         xrw
RAM_D3           0x38000000         0x00010000         xrw
ITCMRAM          0x00000000         0x00010000         xrw
FLASH            0x08000000         0x00200000         xr
*default*        0x00000000         0xffffffff

Linker script and memory map

LOAD C:/IDE/ST/STM32CubeCLT_1.16.0/GNU-tools-for-STM32/bin/../lib/gcc/arm-none-eabi/12.3.1/thumb/v7e-m+dp/hard/crti.o
LOAD C:/IDE/ST/STM32CubeCLT_1.16.0/GNU-tools-for-STM32/bin/../lib/gcc/arm-none-eabi/12.3.1/thumb/v7e-m+dp/hard/crtbegin.o
LOAD C:/IDE/ST/STM32CubeCLT_1.16.0/GNU-tools-for-STM32/bin/../lib/gcc/arm-none-eabi/12.3.1/../../../../arm-none-eabi/lib/thumb/v7e-m+dp/hard/crt0.o
START GROUP
LOAD C:/IDE/ST/STM32CubeCLT_1.16.0/GNU-tools-for-STM32/bin/../lib/gcc/arm-none-eabi/12.3.1/../../../../arm-none-eabi/lib/thumb/v7e-m+dp/hard\libc_nano.a
LOAD C:/IDE/ST/STM32CubeCLT_1.16.0/GNU-tools-for-STM32/bin/../lib/gcc/arm-none-eabi/12.3.1/../../../../arm-none-eabi/lib/thumb/v7e-m+dp/hard\libm.a
END GROUP
LOAD CMakeFiles/h743-valve-controller.dir/Core/Src/main.c.obj
LOAD CMakeFiles/h743-valve-controller.dir/Core/Src/gpio.c.obj
LOAD CMakeFiles/h743-valve-controller.dir/Core/Src/i2c.c.obj
LOAD CMakeFiles/h743-valve-controller.dir/Core/Src/memorymap.c.obj
LOAD CMakeFiles/h743-valve-controller.dir/Core/Src/usart.c.obj
LOAD CMakeFiles/h743-valve-controller.dir/Core/Src/stm32h7xx_it.c.obj
LOAD CMakeFiles/h743-valve-controller.dir/Drivers/STM32H7xx_HAL_Driver/Src/stm32h7xx_ll_exti.c.obj
LOAD CMakeFiles/h743-valve-controller.dir/Drivers/STM32H7xx_HAL_Driver/Src/stm32h7xx_ll_gpio.c.obj
LOAD CMakeFiles/h743-valve-controller.dir/Drivers/STM32H7xx_HAL_Driver/Src/stm32h7xx_ll_i2c.c.obj
LOAD CMakeFiles/h743-valve-controller.dir/Drivers/STM32H7xx_HAL_Driver/Src/stm32h7xx_ll_dma.c.obj
LOAD CMakeFiles/h743-valve-controller.dir/Drivers/STM32H7xx_HAL_Driver/Src/stm32h7xx_ll_rcc.c.obj
LOAD CMakeFiles/h743-valve-controller.dir/Drivers/STM32H7xx_HAL_Driver/Src/stm32h7xx_ll_utils.c.obj
LOAD CMakeFiles/h743-valve-controller.dir/Drivers/STM32H7xx_HAL_Driver/Src/stm32h7xx_ll_usart.c.obj
LOAD CMakeFiles/h743-valve-controller.dir/Drivers/STM32H7xx_HAL_Driver/Src/stm32h7xx_ll_pwr.c.obj
LOAD CMakeFiles/h743-valve-controller.dir/Core/Src/system_stm32h7xx.c.obj
LOAD CMakeFiles/h743-valve-controller.dir/Core/Src/sysmem.c.obj
LOAD CMakeFiles/h743-valve-controller.dir/Core/Src/syscalls.c.obj
LOAD CMakeFiles/h743-valve-controller.dir/startup_stm32h743xx.s.obj
START GROUP
LOAD C:/IDE/ST/STM32CubeCLT_1.16.0/GNU-tools-for-STM32/bin/../lib/gcc/arm-none-eabi/12.3.1/thumb/v7e-m+dp/hard\libgcc.a
LOAD C:/IDE/ST/STM32CubeCLT_1.16.0/GNU-tools-for-STM32/bin/../lib/gcc/arm-none-eabi/12.3.1/../../../../arm-none-eabi/lib/thumb/v7e-m+dp/hard\libg_nano.a
LOAD C:/IDE/ST/STM32CubeCLT_1.16.0/GNU-tools-for-STM32/bin/../lib/gcc/arm-none-eabi/12.3.1/../../../../arm-none-eabi/lib/thumb/v7e-m+dp/hard\libc_nano.a
END GROUP
START GROUP
LOAD C:/IDE/ST/STM32CubeCLT_1.16.0/GNU-tools-for-STM32/bin/../lib/gcc/arm-none-eabi/12.3.1/thumb/v7e-m+dp/hard\libgcc.a
LOAD C:/IDE/ST/STM32CubeCLT_1.16.0/GNU-tools-for-STM32/bin/../lib/gcc/arm-none-eabi/12.3.1/../../../../arm-none-eabi/lib/thumb/v7e-m+dp/hard\libc_nano.a
END GROUP
LOAD C:/IDE/ST/STM32CubeCLT_1.16.0/GNU-tools-for-STM32/bin/../lib/gcc/arm-none-eabi/12.3.1/thumb/v7e-m+dp/hard/crtend.o
LOAD C:/IDE/ST/STM32CubeCLT_1.16.0/GNU-tools-for-STM32/bin/../lib/gcc/arm-none-eabi/12.3.1/thumb/v7e-m+dp/hard/crtn.o
                0x24080000                        _estack = (ORIGIN (RAM) + LENGTH (RAM))
                0x00000200                        _Min_Heap_Size = 0x200
                0x00000400                        _Min_Stack_Size = 0x400

.isr_vector     0x08000000      0x298
                0x08000000                        . = ALIGN (0x4)
 *(.isr_vector)
 .isr_vector    0x08000000      0x298 CMakeFiles/h743-valve-controller.dir/startup_stm32h743xx.s.obj
                0x08000000                g_pfnVectors
                0x08000298                        . = ALIGN (0x4)

.text           0x08000298     0x13b0
                0x08000298                        . = ALIGN (0x4)
 *(.text)
 .text          0x08000298       0x40 C:/IDE/ST/STM32CubeCLT_1.16.0/GNU-tools-for-STM32/bin/../lib/gcc/arm-none-eabi/12.3.1/thumb/v7e-m+dp/hard/crtbegin.o
 *(.text*)
 .text.memset   0x080002d8       0x10 C:/IDE/ST/STM32CubeCLT_1.16.0/GNU-tools-for-STM32/bin/../lib/gcc/arm-none-eabi/12.3.1/../../../../arm-none-eabi/lib/thumb/v7e-m+dp/hard\libc_nano.a(libc_a-memset.o)
                0x080002d8                memset
 .text.__libc_init_array
                0x080002e8       0x48 C:/IDE/ST/STM32CubeCLT_1.16.0/GNU-tools-for-STM32/bin/../lib/gcc/arm-none-eabi/12.3.1/../../../../arm-none-eabi/lib/thumb/v7e-m+dp/hard\libc_nano.a(libc_a-init.o)
                0x080002e8                __libc_init_array
 .text.SystemClock_Config
                0x08000330      0x184 CMakeFiles/h743-valve-controller.dir/Core/Src/main.c.obj
                0x08000330                SystemClock_Config
 .text.PeriphCommonClock_Config
                0x080004b4       0x74 CMakeFiles/h743-valve-controller.dir/Core/Src/main.c.obj
                0x080004b4                PeriphCommonClock_Config
 .text.startup.main
                0x08000528       0xd0 CMakeFiles/h743-valve-controller.dir/Core/Src/main.c.obj
                0x08000528                main
 .text.MX_GPIO_Init
                0x080005f8      0x17c CMakeFiles/h743-valve-controller.dir/Core/Src/gpio.c.obj
                0x080005f8                MX_GPIO_Init
 .text.MX_I2C2_Init
                0x08000774       0xdc CMakeFiles/h743-valve-controller.dir/Core/Src/i2c.c.obj
                0x08000774                MX_I2C2_Init
 .text.MX_USART3_UART_Init
                0x08000850      0x118 CMakeFiles/h743-valve-controller.dir/Core/Src/usart.c.obj
                0x08000850                MX_USART3_UART_Init
 .text.NMI_Handler
                0x08000968        0x4 CMakeFiles/h743-valve-controller.dir/Core/Src/stm32h7xx_it.c.obj
                0x08000968                NMI_Handler
 .text.HardFault_Handler
                0x0800096c        0x4 CMakeFiles/h743-valve-controller.dir/Core/Src/stm32h7xx_it.c.obj
                0x0800096c                HardFault_Handler
 .text.MemManage_Handler
                0x08000970        0x4 CMakeFiles/h743-valve-controller.dir/Core/Src/stm32h7xx_it.c.obj
                0x08000970                MemManage_Handler
 .text.BusFault_Handler
                0x08000974        0x4 CMakeFiles/h743-valve-controller.dir/Core/Src/stm32h7xx_it.c.obj
                0x08000974                BusFault_Handler
 .text.UsageFault_Handler
                0x08000978        0x4 CMakeFiles/h743-valve-controller.dir/Core/Src/stm32h7xx_it.c.obj
                0x08000978                UsageFault_Handler
 .text.SVC_Handler
                0x0800097c        0x4 CMakeFiles/h743-valve-controller.dir/Core/Src/stm32h7xx_it.c.obj
                0x0800097c                SVC_Handler
 .text.DebugMon_Handler
                0x08000980        0x4 CMakeFiles/h743-valve-controller.dir/Core/Src/stm32h7xx_it.c.obj
                0x08000980                DebugMon_Handler
 .text.PendSV_Handler
                0x08000984        0x4 CMakeFiles/h743-valve-controller.dir/Core/Src/stm32h7xx_it.c.obj
                0x08000984                PendSV_Handler
 .text.SysTick_Handler
                0x08000988        0x4 CMakeFiles/h743-valve-controller.dir/Core/Src/stm32h7xx_it.c.obj
                0x08000988                SysTick_Handler
 .text.EXTI3_IRQHandler
                0x0800098c       0x2c CMakeFiles/h743-valve-controller.dir/Core/Src/stm32h7xx_it.c.obj
                0x0800098c                EXTI3_IRQHandler
 .text.EXTI9_5_IRQHandler
                0x080009b8       0x2c CMakeFiles/h743-valve-controller.dir/Core/Src/stm32h7xx_it.c.obj
                0x080009b8                EXTI9_5_IRQHandler
 .text.LL_EXTI_Init
                0x080009e4      0x1e8 CMakeFiles/h743-valve-controller.dir/Drivers/STM32H7xx_HAL_Driver/Src/stm32h7xx_ll_exti.c.obj
                0x080009e4                LL_EXTI_Init
 .text.LL_GPIO_Init
                0x08000bcc       0xfc CMakeFiles/h743-valve-controller.dir/Drivers/STM32H7xx_HAL_Driver/Src/stm32h7xx_ll_gpio.c.obj
                0x08000bcc                LL_GPIO_Init
 .text.LL_I2C_Init
                0x08000cc8       0x70 CMakeFiles/h743-valve-controller.dir/Drivers/STM32H7xx_HAL_Driver/Src/stm32h7xx_ll_i2c.c.obj
                0x08000cc8                LL_I2C_Init
 .text.LL_RCC_GetPLL1ClockFreq
                0x08000d38      0x188 CMakeFiles/h743-valve-controller.dir/Drivers/STM32H7xx_HAL_Driver/Src/stm32h7xx_ll_rcc.c.obj
                0x08000d38                LL_RCC_GetPLL1ClockFreq
 .text.LL_RCC_GetPLL2ClockFreq
                0x08000ec0      0x188 CMakeFiles/h743-valve-controller.dir/Drivers/STM32H7xx_HAL_Driver/Src/stm32h7xx_ll_rcc.c.obj
                0x08000ec0                LL_RCC_GetPLL2ClockFreq
 .text.LL_RCC_GetPLL3ClockFreq
                0x08001048      0x1a0 CMakeFiles/h743-valve-controller.dir/Drivers/STM32H7xx_HAL_Driver/Src/stm32h7xx_ll_rcc.c.obj
                0x08001048                LL_RCC_GetPLL3ClockFreq
 .text.LL_RCC_GetUSARTClockFreq
                0x080011e8      0x1f0 CMakeFiles/h743-valve-controller.dir/Drivers/STM32H7xx_HAL_Driver/Src/stm32h7xx_ll_rcc.c.obj
                0x080011e8                LL_RCC_GetUSARTClockFreq
 .text.LL_Init1msTick
                0x080013d8       0x24 CMakeFiles/h743-valve-controller.dir/Drivers/STM32H7xx_HAL_Driver/Src/stm32h7xx_ll_utils.c.obj
                0x080013d8                LL_Init1msTick
 .text.LL_SetSystemCoreClock
                0x080013fc        0xc CMakeFiles/h743-valve-controller.dir/Drivers/STM32H7xx_HAL_Driver/Src/stm32h7xx_ll_utils.c.obj
                0x080013fc                LL_SetSystemCoreClock
 .text.LL_USART_Init
                0x08001408      0x108 CMakeFiles/h743-valve-controller.dir/Drivers/STM32H7xx_HAL_Driver/Src/stm32h7xx_ll_usart.c.obj
                0x08001408                LL_USART_Init
 .text.SystemInit
                0x08001510       0xcc CMakeFiles/h743-valve-controller.dir/Core/Src/system_stm32h7xx.c.obj
                0x08001510                SystemInit
 .text.Reset_Handler
                0x080015dc       0x50 CMakeFiles/h743-valve-controller.dir/startup_stm32h743xx.s.obj
                0x080015dc                Reset_Handler
 .text.Default_Handler
                0x0800162c        0x2 CMakeFiles/h743-valve-controller.dir/startup_stm32h743xx.s.obj
                0x0800162c                RTC_Alarm_IRQHandler
                0x0800162c                EXTI2_IRQHandler
                0x0800162c                TIM8_CC_IRQHandler
                0x0800162c                HRTIM1_Master_IRQHandler
                0x0800162c                UART8_IRQHandler
                0x0800162c                SPI4_IRQHandler
                0x0800162c                TIM1_CC_IRQHandler
                0x0800162c                BDMA_Channel6_IRQHandler
                0x0800162c                DMA2_Stream5_IRQHandler
                0x0800162c                HRTIM1_FLT_IRQHandler
                0x0800162c                JPEG_IRQHandler
                0x0800162c                DMA1_Stream5_IRQHandler
                0x0800162c                BDMA_Channel1_IRQHandler
                0x0800162c                HRTIM1_TIMD_IRQHandler
                0x0800162c                TAMP_STAMP_IRQHandler
                0x0800162c                LPTIM4_IRQHandler
                0x0800162c                TIM8_TRG_COM_TIM14_IRQHandler
                0x0800162c                LPTIM2_IRQHandler
                0x0800162c                DFSDM1_FLT1_IRQHandler
                0x0800162c                DMAMUX2_OVR_IRQHandler
                0x0800162c                TIM8_UP_TIM13_IRQHandler
                0x0800162c                I2C3_ER_IRQHandler
                0x0800162c                DFSDM1_FLT2_IRQHandler
                0x0800162c                MDMA_IRQHandler
                0x0800162c                LPTIM3_IRQHandler
                0x0800162c                HSEM1_IRQHandler
                0x0800162c                EXTI0_IRQHandler
                0x0800162c                I2C2_EV_IRQHandler
                0x0800162c                DMA1_Stream2_IRQHandler
                0x0800162c                FPU_IRQHandler
                0x0800162c                OTG_HS_WKUP_IRQHandler
                0x0800162c                FDCAN1_IT1_IRQHandler
                0x0800162c                LTDC_ER_IRQHandler
                0x0800162c                DMA2_Stream2_IRQHandler
                0x0800162c                HRTIM1_TIME_IRQHandler
                0x0800162c                SPI1_IRQHandler
                0x0800162c                TIM6_DAC_IRQHandler
                0x0800162c                DCMI_IRQHandler
                0x0800162c                HRTIM1_TIMC_IRQHandler
                0x0800162c                DMA2_Stream3_IRQHandler
                0x0800162c                SAI2_IRQHandler
                0x0800162c                DFSDM1_FLT3_IRQHandler
                0x0800162c                USART6_IRQHandler
                0x0800162c                TIM17_IRQHandler
                0x0800162c                USART3_IRQHandler
                0x0800162c                BDMA_Channel7_IRQHandler
                0x0800162c                LPTIM5_IRQHandler
                0x0800162c                UART5_IRQHandler
                0x0800162c                ADC3_IRQHandler
                0x0800162c                DMA2_Stream0_IRQHandler
                0x0800162c                TIM4_IRQHandler
                0x0800162c                BDMA_Channel2_IRQHandler
                0x0800162c                QUADSPI_IRQHandler
                0x0800162c                I2C1_EV_IRQHandler
                0x0800162c                DMA1_Stream6_IRQHandler
                0x0800162c                DMAMUX1_OVR_IRQHandler
                0x0800162c                DMA1_Stream1_IRQHandler
                0x0800162c                TIM16_IRQHandler
                0x0800162c                UART4_IRQHandler
                0x0800162c                BDMA_Channel5_IRQHandler
                0x0800162c                TIM3_IRQHandler
                0x0800162c                RCC_IRQHandler
                0x0800162c                TIM8_BRK_TIM12_IRQHandler
                0x0800162c                TIM1_TRG_COM_IRQHandler
                0x0800162c                Default_Handler
                0x0800162c                ECC_IRQHandler
                0x0800162c                CEC_IRQHandler
                0x0800162c                EXTI15_10_IRQHandler
                0x0800162c                BDMA_Channel0_IRQHandler
                0x0800162c                ADC_IRQHandler
                0x0800162c                DMA1_Stream7_IRQHandler
                0x0800162c                HRTIM1_TIMA_IRQHandler
                0x0800162c                SPI5_IRQHandler
                0x0800162c                TIM7_IRQHandler
                0x0800162c                SDMMC1_IRQHandler
                0x0800162c                TIM5_IRQHandler
                0x0800162c                DMA2_Stream7_IRQHandler
                0x0800162c                TIM15_IRQHandler
                0x0800162c                PVD_AVD_IRQHandler
                0x0800162c                I2C3_EV_IRQHandler
                0x0800162c                RTC_WKUP_IRQHandler
                0x0800162c                LTDC_IRQHandler
                0x0800162c                SAI3_IRQHandler
                0x0800162c                ETH_WKUP_IRQHandler
                0x0800162c                SPDIF_RX_IRQHandler
                0x0800162c                SPI2_IRQHandler
                0x0800162c                OTG_HS_EP1_IN_IRQHandler
                0x0800162c                DMA1_Stream0_IRQHandler
                0x0800162c                CRS_IRQHandler
                0x0800162c                EXTI4_IRQHandler
                0x0800162c                RNG_IRQHandler
                0x0800162c                HRTIM1_TIMB_IRQHandler
                0x0800162c                FDCAN2_IT1_IRQHandler
                0x0800162c                ETH_IRQHandler
                0x0800162c                TIM1_UP_IRQHandler
                0x0800162c                BDMA_Channel4_IRQHandler
                0x0800162c                OTG_HS_EP1_OUT_IRQHandler
                0x0800162c                WWDG_IRQHandler
                0x0800162c                SPI6_IRQHandler
                0x0800162c                MDIOS_IRQHandler
                0x0800162c                I2C4_EV_IRQHandler
                0x0800162c                FDCAN2_IT0_IRQHandler
                0x0800162c                LPUART1_IRQHandler
                0x0800162c                FDCAN1_IT0_IRQHandler
                0x0800162c                TIM2_IRQHandler
                0x0800162c                OTG_FS_WKUP_IRQHandler
                0x0800162c                OTG_HS_IRQHandler
                0x0800162c                DMA2D_IRQHandler
                0x0800162c                TIM1_BRK_IRQHandler
                0x0800162c                EXTI1_IRQHandler
                0x0800162c                SDMMC2_IRQHandler
                0x0800162c                OTG_FS_EP1_OUT_IRQHandler
                0x0800162c                BDMA_Channel3_IRQHandler
                0x0800162c                UART7_IRQHandler
                0x0800162c                MDIOS_WKUP_IRQHandler
                0x0800162c                USART2_IRQHandler
                0x0800162c                DFSDM1_FLT0_IRQHandler
                0x0800162c                SAI4_IRQHandler
                0x0800162c                I2C2_ER_IRQHandler
                0x0800162c                DMA2_Stream1_IRQHandler
                0x0800162c                FLASH_IRQHandler
                0x0800162c                DMA2_Stream4_IRQHandler
                0x0800162c                USART1_IRQHandler
                0x0800162c                OTG_FS_IRQHandler
                0x0800162c                SPI3_IRQHandler
                0x0800162c                WAKEUP_PIN_IRQHandler
                0x0800162c                DMA1_Stream4_IRQHandler
                0x0800162c                OTG_FS_EP1_IN_IRQHandler
                0x0800162c                I2C1_ER_IRQHandler
                0x0800162c                FMC_IRQHandler
                0x0800162c                FDCAN_CAL_IRQHandler
                0x0800162c                SWPMI1_IRQHandler
                0x0800162c                COMP1_IRQHandler
                0x0800162c                LPTIM1_IRQHandler
                0x0800162c                I2C4_ER_IRQHandler
                0x0800162c                DMA2_Stream6_IRQHandler
                0x0800162c                SAI1_IRQHandler
                0x0800162c                DMA1_Stream3_IRQHandler
 *(.glue_7)
 .glue_7        0x0800162e        0x0 linker stubs
 *(.glue_7t)
 .glue_7t       0x0800162e        0x0 linker stubs
 *(.eh_frame)
 *fill*         0x0800162e        0x2 
 .eh_frame      0x08001630        0x0 C:/IDE/ST/STM32CubeCLT_1.16.0/GNU-tools-for-STM32/bin/../lib/gcc/arm-none-eabi/12.3.1/thumb/v7e-m+dp/hard/crtbegin.o
 *(.init)
 .init          0x08001630        0x4 C:/IDE/ST/STM32CubeCLT_1.16.0/GNU-tools-for-STM32/bin/../lib/gcc/arm-none-eabi/12.3.1/thumb/v7e-m+dp/hard/crti.o
                0x08001630                _init
 .init          0x08001634        0x8 C:/IDE/ST/STM32CubeCLT_1.16.0/GNU-tools-for-STM32/bin/../lib/gcc/arm-none-eabi/12.3.1/thumb/v7e-m+dp/hard/crtn.o
 *(.fini)
 .fini          0x0800163c        0x4 C:/IDE/ST/STM32CubeCLT_1.16.0/GNU-tools-for-STM32/bin/../lib/gcc/arm-none-eabi/12.3.1/thumb/v7e-m+dp/hard/crti.o
                0x0800163c                _fini
 .fini          0x08001640        0x8 C:/IDE/ST/STM32CubeCLT_1.16.0/GNU-tools-for-STM32/bin/../lib/gcc/arm-none-eabi/12.3.1/thumb/v7e-m+dp/hard/crtn.o
                0x08001648                        . = ALIGN (0x4)
                0x08001648                        _etext = .

.vfp11_veneer   0x08001648        0x0
 .vfp11_veneer  0x08001648        0x0 linker stubs

.v4_bx          0x08001648        0x0
 .v4_bx         0x08001648        0x0 linker stubs

.iplt           0x08001648        0x0
 .iplt          0x08001648        0x0 C:/IDE/ST/STM32CubeCLT_1.16.0/GNU-tools-for-STM32/bin/../lib/gcc/arm-none-eabi/12.3.1/thumb/v7e-m+dp/hard/crtbegin.o

.rodata         0x08001648       0x40
                0x08001648                        . = ALIGN (0x4)
 *(.rodata)
 *(.rodata*)
 .rodata.LL_RCC_PrescTable
                0x08001648       0x10 CMakeFiles/h743-valve-controller.dir/Drivers/STM32H7xx_HAL_Driver/Src/stm32h7xx_ll_rcc.c.obj
                0x08001648                LL_RCC_PrescTable
 .rodata.USART_PRESCALER_TAB
                0x08001658       0x30 CMakeFiles/h743-valve-controller.dir/Drivers/STM32H7xx_HAL_Driver/Src/stm32h7xx_ll_usart.c.obj
                0x08001688                        . = ALIGN (0x4)

.rel.dyn        0x08001688        0x0
 .rel.iplt      0x08001688        0x0 C:/IDE/ST/STM32CubeCLT_1.16.0/GNU-tools-for-STM32/bin/../lib/gcc/arm-none-eabi/12.3.1/thumb/v7e-m+dp/hard/crtbegin.o

.ARM.extab
 *(.ARM.extab* .gnu.linkonce.armextab.*)

.ARM            0x08001688        0x0
                0x08001688                        __exidx_start = .
 *(.ARM.exidx*)
                0x08001688                        __exidx_end = .

.preinit_array  0x08001688        0x0
                0x08001688                        PROVIDE (__preinit_array_start = .)
 *(.preinit_array*)
                0x08001688                        PROVIDE (__preinit_array_end = .)

.init_array     0x08001688        0x4
                0x08001688                        PROVIDE (__init_array_start = .)
 *(SORT_BY_NAME(.init_array.*))
 *(.init_array*)
 .init_array    0x08001688        0x4 C:/IDE/ST/STM32CubeCLT_1.16.0/GNU-tools-for-STM32/bin/../lib/gcc/arm-none-eabi/12.3.1/thumb/v7e-m+dp/hard/crtbegin.o
                0x0800168c                        PROVIDE (__init_array_end = .)

.fini_array     0x0800168c        0x4
                [!provide]                        PROVIDE (__fini_array_start = .)
 *(SORT_BY_NAME(.fini_array.*))
 *(.fini_array*)
 .fini_array    0x0800168c        0x4 C:/IDE/ST/STM32CubeCLT_1.16.0/GNU-tools-for-STM32/bin/../lib/gcc/arm-none-eabi/12.3.1/thumb/v7e-m+dp/hard/crtbegin.o
                [!provide]                        PROVIDE (__fini_array_end = .)
                0x08001690                        _sidata = LOADADDR (.data)

.data           0x24000000        0x4 load address 0x08001690
                0x24000000                        . = ALIGN (0x4)
                0x24000000                        _sdata = .
 *(.data)
 *(.data*)
 .data.SystemCoreClock
                0x24000000        0x4 CMakeFiles/h743-valve-controller.dir/Core/Src/system_stm32h7xx.c.obj
                0x24000000                SystemCoreClock
                0x24000004                        . = ALIGN (0x4)
                0x24000004                        _edata = .

.igot.plt       0x24000004        0x0 load address 0x08001694
 .igot.plt      0x24000004        0x0 C:/IDE/ST/STM32CubeCLT_1.16.0/GNU-tools-for-STM32/bin/../lib/gcc/arm-none-eabi/12.3.1/thumb/v7e-m+dp/hard/crtbegin.o
                0x24000004                        . = ALIGN (0x4)

.bss            0x24000004      0x458 load address 0x08001694
                0x24000004                        _sbss = .
                0x24000004                        __bss_start__ = _sbss
 *(.bss)
 .bss           0x24000004       0x1c C:/IDE/ST/STM32CubeCLT_1.16.0/GNU-tools-for-STM32/bin/../lib/gcc/arm-none-eabi/12.3.1/thumb/v7e-m+dp/hard/crtbegin.o
 *(.bss*)
 .bss.oledHandle
                0x24000020      0x43c CMakeFiles/h743-valve-controller.dir/Core/Src/main.c.obj
                0x24000020                oledHandle
 *(COMMON)
                0x2400045c                        . = ALIGN (0x4)
                0x2400045c                        _ebss = .
                0x2400045c                        __bss_end__ = _ebss

._user_heap_stack
                0x2400045c      0x604 load address 0x08001694
                0x24000460                        . = ALIGN (0x8)
 *fill*         0x2400045c        0x4 
                [!provide]                        PROVIDE (end = .)
                0x24000460                        PROVIDE (_end = .)
                0x24000660                        . = (. + _Min_Heap_Size)
 *fill*         0x24000460      0x200 
                0x24000a60                        . = (. + _Min_Stack_Size)
 *fill*         0x24000660      0x400 
                0x24000a60                        . = ALIGN (0x8)

/DISCARD/
 libc.a(*)
 libm.a(*)
 libgcc.a(*)
OUTPUT(h743-valve-controller.elf elf32-littlearm)
LOAD linker stubs
LOAD C:/IDE/ST/STM32CubeCLT_1.16.0/GNU-tools-for-STM32/bin/../lib/gcc/arm-none-eabi/12.3.1/../../../../arm-none-eabi/lib/thumb/v7e-m+dp/hard\libc.a
LOAD C:/IDE/ST/STM32CubeCLT_1.16.0/GNU-tools-for-STM32/bin/../lib/gcc/arm-none-eabi/12.3.1/../../../../arm-none-eabi/lib/thumb/v7e-m+dp/hard\libm.a
LOAD C:/IDE/ST/STM32CubeCLT_1.16.0/GNU-tools-for-STM32/bin/../lib/gcc/arm-none-eabi/12.3.1/thumb/v7e-m+dp/hard\libgcc.a

.ARM.attributes
                0x00000000       0x2e
 .ARM.attributes
                0x00000000       0x20 C:/IDE/ST/STM32CubeCLT_1.16.0/GNU-tools-for-STM32/bin/../lib/gcc/arm-none-eabi/12.3.1/thumb/v7e-m+dp/hard/crti.o
 .ARM.attributes
                0x00000020       0x32 C:/IDE/ST/STM32CubeCLT_1.16.0/GNU-tools-for-STM32/bin/../lib/gcc/arm-none-eabi/12.3.1/thumb/v7e-m+dp/hard/crtbegin.o
 .ARM.attributes
                0x00000052       0x32 C:/IDE/ST/STM32CubeCLT_1.16.0/GNU-tools-for-STM32/bin/../lib/gcc/arm-none-eabi/12.3.1/../../../../arm-none-eabi/lib/thumb/v7e-m+dp/hard\libc_nano.a(libc_a-memset.o)
 .ARM.attributes
                0x00000084       0x32 C:/IDE/ST/STM32CubeCLT_1.16.0/GNU-tools-for-STM32/bin/../lib/gcc/arm-none-eabi/12.3.1/../../../../arm-none-eabi/lib/thumb/v7e-m+dp/hard\libc_nano.a(libc_a-init.o)
 .ARM.attributes
                0x000000b6       0x32 CMakeFiles/h743-valve-controller.dir/Core/Src/main.c.obj
 .ARM.attributes
                0x000000e8       0x32 CMakeFiles/h743-valve-controller.dir/Core/Src/gpio.c.obj
 .ARM.attributes
                0x0000011a       0x32 CMakeFiles/h743-valve-controller.dir/Core/Src/i2c.c.obj
 .ARM.attributes
                0x0000014c       0x32 CMakeFiles/h743-valve-controller.dir/Core/Src/usart.c.obj
 .ARM.attributes
                0x0000017e       0x32 CMakeFiles/h743-valve-controller.dir/Core/Src/stm32h7xx_it.c.obj
 .ARM.attributes
                0x000001b0       0x32 CMakeFiles/h743-valve-controller.dir/Drivers/STM32H7xx_HAL_Driver/Src/stm32h7xx_ll_exti.c.obj
 .ARM.attributes
                0x000001e2       0x32 CMakeFiles/h743-valve-controller.dir/Drivers/STM32H7xx_HAL_Driver/Src/stm32h7xx_ll_gpio.c.obj
 .ARM.attributes
                0x00000214       0x32 CMakeFiles/h743-valve-controller.dir/Drivers/STM32H7xx_HAL_Driver/Src/stm32h7xx_ll_i2c.c.obj
 .ARM.attributes
                0x00000246       0x32 CMakeFiles/h743-valve-controller.dir/Drivers/STM32H7xx_HAL_Driver/Src/stm32h7xx_ll_rcc.c.obj
 .ARM.attributes
                0x00000278       0x32 CMakeFiles/h743-valve-controller.dir/Drivers/STM32H7xx_HAL_Driver/Src/stm32h7xx_ll_utils.c.obj
 .ARM.attributes
                0x000002aa       0x32 CMakeFiles/h743-valve-controller.dir/Drivers/STM32H7xx_HAL_Driver/Src/stm32h7xx_ll_usart.c.obj
 .ARM.attributes
                0x000002dc       0x32 CMakeFiles/h743-valve-controller.dir/Core/Src/system_stm32h7xx.c.obj
 .ARM.attributes
                0x0000030e       0x21 CMakeFiles/h743-valve-controller.dir/startup_stm32h743xx.s.obj
 .ARM.attributes
                0x0000032f       0x20 C:/IDE/ST/STM32CubeCLT_1.16.0/GNU-tools-for-STM32/bin/../lib/gcc/arm-none-eabi/12.3.1/thumb/v7e-m+dp/hard/crtn.o

.comment        0x00000000       0x43
 .comment       0x00000000       0x43 CMakeFiles/h743-valve-controller.dir/Core/Src/main.c.obj
                                 0x44 (size before relaxing)
 .comment       0x00000043       0x44 CMakeFiles/h743-valve-controller.dir/Core/Src/gpio.c.obj
 .comment       0x00000043       0x44 CMakeFiles/h743-valve-controller.dir/Core/Src/i2c.c.obj
 .comment       0x00000043       0x44 CMakeFiles/h743-valve-controller.dir/Core/Src/usart.c.obj
 .comment       0x00000043       0x44 CMakeFiles/h743-valve-controller.dir/Core/Src/stm32h7xx_it.c.obj
 .comment       0x00000043       0x44 CMakeFiles/h743-valve-controller.dir/Drivers/STM32H7xx_HAL_Driver/Src/stm32h7xx_ll_exti.c.obj
 .comment       0x00000043       0x44 CMakeFiles/h743-valve-controller.dir/Drivers/STM32H7xx_HAL_Driver/Src/stm32h7xx_ll_gpio.c.obj
 .comment       0x00000043       0x44 CMakeFiles/h743-valve-controller.dir/Drivers/STM32H7xx_HAL_Driver/Src/stm32h7xx_ll_i2c.c.obj
 .comment       0x00000043       0x44 CMakeFiles/h743-valve-controller.dir/Drivers/STM32H7xx_HAL_Driver/Src/stm32h7xx_ll_rcc.c.obj
 .comment       0x00000043       0x44 CMakeFiles/h743-valve-controller.dir/Drivers/STM32H7xx_HAL_Driver/Src/stm32h7xx_ll_utils.c.obj
 .comment       0x00000043       0x44 CMakeFiles/h743-valve-controller.dir/Drivers/STM32H7xx_HAL_Driver/Src/stm32h7xx_ll_usart.c.obj
 .comment       0x00000043       0x44 CMakeFiles/h743-valve-controller.dir/Core/Src/system_stm32h7xx.c.obj

.debug_frame    0x00000000       0x4c
 .debug_frame   0x00000000       0x20 C:/IDE/ST/STM32CubeCLT_1.16.0/GNU-tools-for-STM32/bin/../lib/gcc/arm-none-eabi/12.3.1/../../../../arm-none-eabi/lib/thumb/v7e-m+dp/hard\libc_nano.a(libc_a-memset.o)
 .debug_frame   0x00000020       0x2c C:/IDE/ST/STM32CubeCLT_1.16.0/GNU-tools-for-STM32/bin/../lib/gcc/arm-none-eabi/12.3.1/../../../../arm-none-eabi/lib/thumb/v7e-m+dp/hard\libc_nano.a(libc_a-init.o)
